ARM Linker, 4.1 [Build 791] [Standard]

==============================================================================

Section Cross References

    lpc2300.o(STACK) refers (Special) to heapauxi.o(.text) for __use_two_region_memory
    lpc2300.o(HEAP) refers (Special) to heapauxi.o(.text) for __use_two_region_memory
    lpc2300.o(RESET) refers (Special) to heapauxi.o(.text) for __use_two_region_memory
    lpc2300.o(RESET) refers to lpc2300.o(STACK) for Stack_Top
    lpc2300.o(RESET) refers to __main.o(!!!main) for __main
    lpc2300.o(.text) refers (Special) to heapauxi.o(.text) for __use_two_region_memory
    lpc2300.o(.text) refers to lpc2300.o(HEAP) for Heap_Mem
    lpc2300.o(.text) refers to lpc2300.o(STACK) for Stack_Mem
    main.o(.text) refers to rt_memclr_w.o(.text) for __aeabi_memclr4
    main.o(.text) refers to inittcas.o(.text) for spoiInitializeTcasHardware
    main.o(.text) refers to noretval__2printf.o(.text) for __2printf
    main.o(.text) refers to gpioinit.o(.text) for CheckCrcOnStartup
    main.o(.text) refers to wdtinit.o(.text) for SpoiWDTReload
    main.o(.text) refers to can.o(.text) for readCanToStructs
    main.o(.text) refers to rm.o(.text) for processTransmissionToModem
    main.o(.text) refers to timer.o(.text) for FrquncyShift_FSToF0
    main.o(.text) refers to loco.o(.text) for updadeTrnLenNodes
    main.o(.text) refers to rt_memclr.o(.text) for __aeabi_memclr
    main.o(.text) refers to systemtimer.o(.text) for SpoiGetSysTICs
    main.o(.text) refers to gps.o(.text) for ReadGPSData
    main.o(.text) refers to timer.o(.data) for processTransmitFlag
    main.o(.text) refers to globals.o(.bss) for trnLenStat
    main.o(.text) refers to timer.o(.data) for processslotcontolTransmitFlag
    main.o(.text) refers to timer.o(.data) for sucPPSDebugFlag
    main.o(.text) refers to globals.o(.data) for locoPresentFlag
    main.o(.text) refers to globals.o(.bss) for stSelfInfo
    main.o(.text) refers to globals.o(.data) for gucSelfSlot
    main.o(.text) refers to globals.o(.data) for stCanCom1Com2_SwapStatusInfo
    main.o(.text) refers to globals.o(.data) for stCanRadioModemFailStatusRx
    main.o(.text) refers to globals.o(.data) for stCanRadioModemFailStatusTx
    main.o(.text) refers to globals.o(.bss) for stationPkt
    main.o(.text) refers to globals.o(.bss) for stationPkt2
    main.o(.text) refers to globals.o(.data) for gucHealthFlag
    main.o(.text) refers to globals.o(.data) for gucRadioModemResetFlag
    main.o(.text) refers to rm.o(.bss) for ucHealthReplayASCII
    main.o(.text) refers to globals.o(.data) for gucRTSHighRMShiftFlag
    main.o(.text) refers to globals.o(.data) for gucTimerFrequencySet
    main.o(.text) refers to globals.o(.data) for timeflag
    main.o(.text) refers to globals.o(.data) for gucTimerFrequencyClr
    inittcas.o(.text) refers to gpioinit.o(.text) for SpoiGPIOInit
    inittcas.o(.text) refers to wdtinit.o(.text) for SpoiWDTInit
    inittcas.o(.text) refers to noretval__2printf.o(.text) for __2printf
    inittcas.o(.text) refers to ppsinit.o(.text) for EINTInit
    inittcas.o(.text) refers to uart.o(.text) for SpoiUartInitialize
    inittcas.o(.text) refers to systemtimer.o(.text) for SpoiSysTimeInit
    inittcas.o(.text) refers to timer.o(.text) for timer1Init
    inittcas.o(.text) refers to ext_rtc.o(.text) for rtc_intl
    inittcas.o(.text) refers to can.o(.text) for can_Init
    inittcas.o(.text) refers to globals.o(.data) for gucSelfSlot
    gpioinit.o(.text) refers to _printf_percent.o(.ARM.Collect$$_printf_percent$$00000000) for _printf_percent
    gpioinit.o(.text) refers to _printf_x.o(.ARM.Collect$$_printf_percent$$0000000C) for _printf_x
    gpioinit.o(.text) refers to _printf_s.o(.ARM.Collect$$_printf_percent$$00000014) for _printf_s
    gpioinit.o(.text) refers to _printf_hex_int.o(.text) for _printf_longlong_hex
    gpioinit.o(.text) refers to _printf_str.o(.text) for _printf_str
    gpioinit.o(.text) refers to _printf_d.o(.ARM.Collect$$_printf_percent$$00000009) for _printf_d
    gpioinit.o(.text) refers to _printf_dec.o(.text) for _printf_int_dec
    gpioinit.o(.text) refers to _printf_u.o(.ARM.Collect$$_printf_percent$$0000000A) for _printf_u
    gpioinit.o(.text) refers to noretval__2printf.o(.text) for __2printf
    gpioinit.o(.text) refers to gpioinit.o(.data) for .data
    gpioinit.o(.text) refers to globals.o(.data) for gui_CalCrc
    realtimeclk.o(.text) refers to gps.o(.text) for ReadGPSData
    realtimeclk.o(.text) refers to ext_rtc.o(.text) for Write_ex_RTC
    realtimeclk.o(.text) refers to rt_memcpy_w.o(.text) for __aeabi_memcpy4
    realtimeclk.o(.text) refers to systemtimer.o(.text) for SpoiGetSysTICs
    realtimeclk.o(.text) refers to realtimeclk.o(.data) for .data
    uart.o(.text) refers to aeabi_sdiv.o(.text_udiv) for __aeabi_uidivmod
    uart.o(.text) refers to rt_memclr_w.o(.text) for __aeabi_memclr4
    uart.o(.text) refers to uart.o(.bss) for .bss
    uart.o(.text) refers to uart.o(.text) for Spoi_SerialIoIrq3
[...]
    .bss                                     0x4000093c   Section      256  globals.o(.bss)
    .bss                                     0x40000a3c   Section      256  globals.o(.bss)
    .bss                                     0x40000b3c   Section      256  globals.o(.bss)
    .bss                                     0x40000c3c   Section      551  globals.o(.bss)
    .bss                                     0x40000e63   Section     1102  globals.o(.bss)
    .bss                                     0x400012b1   Section       44  globals.o(.bss)
    .bss                                     0x400012dd   Section       88  globals.o(.bss)
    .bss                                     0x40001335   Section       50  globals.o(.bss)
    .bss                                     0x40001368   Section       44  globals.o(.bss)
    .bss                                     0x40001394   Section     4128  uart.o(.bss)
    .bss                                     0x400023b4   Section      400  rm.o(.bss)
    .bss                                     0x40002544   Section      882  can.o(.bss)
    .bss                                     0x400028b6   Section       90  gps.o(.bss)
    cGPSBuf                                  0x400028b6   Data          90  gps.o(.bss)
    .bss                                     0x40002910   Section      176  encrpt.o(.bss)
    RoundKey                                 0x40002910   Data         176  encrpt.o(.bss)
    .bss                                     0x400029c0   Section      228  rand.o(.bss)
    .bss                                     0x40002aa4   Section       96  libspace.o(.bss)
    HEAP                                     0x40002b08   Section     2048  lpc2300.o(HEAP)
    Heap_Mem                                 0x40002b08   Data        2048  lpc2300.o(HEAP)
    STACK                                    0x40003308   Section     1280  lpc2300.o(STACK)
    Stack_Mem                                0x40003308   Data        1024  lpc2300.o(STACK)
    Stack_Top                                0x40003808   Data           0  lpc2300.o(STACK)

    Global Symbols

    Symbol Name                              Value     Ov Type        Size  Object(Section)

    BuildAttributes$$THM_ISAv1$ARM_ISAv4$S$PE$A:L22$X:L11$S22$IEEE1$IW$USESV6$~STKCKD$USESV7$~SHL$OTIME$ROPI$IEEEX$EBA8$UX$STANDARDLIB$REQ8$PRES8$EABIv2 0x00000000   Number         0  anon$$obj.o ABSOLUTE
    __ARM_use_no_argv                        0x00000000   Number         0  main.o ABSOLUTE
    _printf_flags                            0x00000000   Number         0  printf_stubs.o ABSOLUTE
    _printf_return_value                     0x00000000   Number         0  printf_stubs.o ABSOLUTE
    _printf_sizespec                         0x00000000   Number         0  printf_stubs.o ABSOLUTE
    _printf_widthprec                        0x00000000   Number         0  printf_stubs.o ABSOLUTE
    __ARM_exceptions_init                     - Undefined Weak Reference
    __alloca_initialize                       - Undefined Weak Reference
    __cpp_initialize__aeabi_                  - Undefined Weak Reference
    __cxa_finalize                            - Undefined Weak Reference
    __sigvec_lookup                           - Undefined Weak Reference
    _atexit_init                              - Undefined Weak Reference
    _call_atexit_fns                          - Undefined Weak Reference
    _clock_init                               - Undefined Weak Reference
    _fp_trap_init                             - Undefined Weak Reference
    _fp_trap_shutdown                         - Undefined Weak Reference
    _get_lc_collate                           - Undefined Weak Reference
    _get_lc_monetary                          - Undefined Weak Reference
    _get_lc_time                              - Undefined Weak Reference
    _getenv_init                              - Undefined Weak Reference
    _handle_redirection                       - Undefined Weak Reference
    _init_alloc                               - Undefined Weak Reference
    _init_user_alloc                          - Undefined Weak Reference
    _initio                                   - Undefined Weak Reference
    _printf_mbtowc                            - Undefined Weak Reference
    _printf_post_padding                      - Undefined Weak Reference
    _printf_pre_padding                       - Undefined Weak Reference
    _printf_truncate_signed                   - Undefined Weak Reference
    _printf_truncate_unsigned                 - Undefined Weak Reference
    _scanf_int                                - Undefined Weak Reference
    _scanf_longlong                           - Undefined Weak Reference
    _scanf_mbtowc                             - Undefined Weak Reference
    _scanf_wctomb                             - Undefined Weak Reference
    _scanf_wstring                            - Undefined Weak Reference
    _signal_finish                            - Undefined Weak Reference
    _signal_init                              - Undefined Weak Reference
    _terminate_alloc                          - Undefined Weak Reference
    _terminate_user_alloc                     - Undefined Weak Reference
    _terminateio                              - Undefined Weak Reference
    Reset_Handler                            0x00000058   ARM Code       0  lpc2300.o(RESET)
    __main                                   0x00000178   ARM Code       8  __main.o(!!!main)
    __scatterload                            0x00000180   ARM Code       0  __scatter.o(!!!scatter)
    __scatterload_rt2                        0x00000180   ARM Code      52  __scatter.o(!!!scatter)
    __scatterload_null                       0x00000194   ARM Code       0  __scatter.o(!!!scatter)
    __decompress                             0x000001bc   ARM Code      92  __dczerorl2.o(!!dczerorl2)
    __decompress1                            0x000001bc   ARM Code       0  __dczerorl2.o(!!dczerorl2)
    __scatterload_zeroinit                   0x00000218   ARM Code      44  __scatter_zi.o(!!handler_zi)
    Inline Thumb to ARM Veneer to _printf_percent 0x00000245   Thumb Code     4  _printf_percent.o(.ARM.Collect$$_printf_percent$$00000000)
    _printf_d                                0x00000248   ARM Code       0  _printf_d.o(.ARM.Collect$$_printf_percent$$00000009)
    _printf_percent                          0x00000248   ARM Code       0  _printf_percent.o(.ARM.Collect$$_printf_percent$$00000000)
    _printf_u                                0x00000250   ARM Code       0  _printf_u.o(.ARM.Collect$$_printf_percent$$0000000A)
    _printf_x                                0x00000258   ARM Code       0  _printf_x.o(.ARM.Collect$$_printf_percent$$0000000C)
    _printf_c                                0x00000260   ARM Code       0  _printf_c.o(.ARM.Collect$$_printf_percent$$00000013)
    _printf_s                                0x00000268   ARM Code       0  _printf_s.o(.ARM.Collect$$_printf_percent$$00000014)
    _printf_percent_end                      0x00000270   ARM Code       0  _printf_percent_end.o(.ARM.Collect$$_printf_percent$$00000017)
    Inline ARM to Thumb Veneer to __rt_lib_init 0x00000278   ARM Code       8  libinit.o(.ARM.Collect$$libinit$$00000000)
    __rt_lib_init                            0x00000281   Thumb Code     0  libinit.o(.ARM.Collect$$libinit$$00000000)
    __rt_lib_init_heap_1                     0x00000287   Thumb Code     0  libinit2.o(.ARM.Collect$$libinit$$00000006)
    __rt_lib_init_rand_2                     0x00000287   Thumb Code     0  libinit2.o(.ARM.Collect$$libinit$$00000009)
    __rt_lib_init_user_alloc_1               0x00000287   Thumb Code     0  libinit2.o(.ARM.Collect$$libinit$$00000008)
    __rt_lib_init_lc_common                  0x0000028b   Thumb Code     0  libinit2.o(.ARM.Collect$$libinit$$0000000B)
    __rt_lib_init_rand_1                     0x0000028b   Thumb Code     0  libinit2.o(.ARM.Collect$$libinit$$0000000A)
    __rt_lib_init_lc_collate_1               0x00000291   Thumb Code     0  libinit2.o(.ARM.Collect$$libinit$$0000000D)
    __rt_lib_init_lc_ctype_2                 0x00000291   Thumb Code     0  libinit2.o(.ARM.Collect$$libinit$$0000000E)
    __rt_lib_init_lc_ctype_1                 0x0000029d   Thumb Code     0  libinit2.o(.ARM.Collect$$libinit$$0000000F)
    __rt_lib_init_lc_monetary_1              0x0000029d   Thumb Code     0  libinit2.o(.ARM.Collect$$libinit$$00000011)
    __rt_lib_init_lc_numeric_2               0x0000029d   Thumb Code     0  libinit2.o(.ARM.Collect$$libinit$$00000012)
    __rt_lib_init_alloca_1                   0x000002a7   Thumb Code     0  libinit2.o(.ARM.Collect$$libinit$$0000002A)
    __rt_lib_init_argv_1                     0x000002a7   Thumb Code     0  libinit2.o(.ARM.Collect$$libinit$$00000028)
    __rt_lib_init_atexit_1                   0x000002a7   Thumb Code     0  libinit2.o(.ARM.Collect$$libinit$$00000017)
    __rt_lib_init_clock_1                    0x000002a7   Thumb Code     0  libinit2.o(.ARM.Collect$$libinit$$0000001D)
    __rt_lib_init_cpp_1                      0x000002a7   Thumb Code     0  libinit2.o(.ARM.Collect$$libinit$$0000002E)
    __rt_lib_init_exceptions_1               0x000002a7   Thumb Code     0  libinit2.o(.ARM.Collect$$libinit$$0000002C)
    __rt_lib_init_fp_trap_1                  0x000002a7   Thumb Code     0  libinit2.o(.ARM.Collect$$libinit$$0000001B)
    __rt_lib_init_getenv_1                   0x000002a7   Thumb Code     0  libinit2.o(.ARM.Collect$$libinit$$0000001F)
    __rt_lib_init_lc_numeric_1               0x000002a7   Thumb Code     0  libinit2.o(.ARM.Collect$$libinit$$00000013)
    __rt_lib_init_lc_time_1                  0x000002a7   Thumb Code     0  libinit2.o(.ARM.Collect$$libinit$$00000015)
    __rt_lib_init_return                     0x000002a7   Thumb Code     0  libinit2.o(.ARM.Collect$$libinit$$0000002F)
    __rt_lib_init_signal_1                   0x000002a7   Thumb Code     0  libinit2.o(.ARM.Collect$$libinit$$00000019)
    __rt_lib_init_stdio_1                    0x000002a7   Thumb Code     0  libinit2.o(.ARM.Collect$$libinit$$00000021)
    Inline ARM to Thumb Veneer to __rt_lib_shutdown 0x000002b4   ARM Code       8  libshutdown.o(.ARM.Collect$$libshutdown$$00000000)
    __rt_lib_shutdown                        0x000002bd   Thumb Code     0  libshutdown.o(.ARM.Collect$$libshutdown$$00000000)
    __rt_lib_shutdown_fp_trap_1              0x000002c1   Thumb Code     0  libshutdown2.o(.ARM.Collect$$libshutdown$$00000006)
    __rt_lib_shutdown_heap_1                 0x000002c1   Thumb Code     0  libshutdown2.o(.ARM.Collect$$libshutdown$$0000000E)
    __rt_lib_shutdown_return                 0x000002c1   Thumb Code     0  libshutdown2.o(.ARM.Collect$$libshutdown$$0000000F)
    __rt_lib_shutdown_signal_1               0x000002c1   Thumb Code     0  libshutdown2.o(.ARM.Collect$$libshutdown$$00000009)
    __rt_lib_shutdown_stdio_1                0x000002c1   Thumb Code     0  libshutdown2.o(.ARM.Collect$$libshutdown$$00000003)
    __rt_lib_shutdown_user_alloc_1           0x000002c1   Thumb Code     0  libshutdown2.o(.ARM.Collect$$libshutdown$$0000000B)
    __rt_entry                               0x000002c8   ARM Code       0  rtentry.o(.ARM.Collect$$rtentry$$00000000)
    __rt_entry_presh_1                       0x000002c8   ARM Code       0  rtentry2.o(.ARM.Collect$$rtentry$$00000002)
    __rt_entry_sh                            0x000002c8   ARM Code       0  rtentry4.o(.ARM.Collect$$rtentry$$00000004)
    __rt_entry_li                            0x000002d0   ARM Code       0  rtentry2.o(.ARM.Collect$$rtentry$$0000000A)
    __rt_entry_postsh_1                      0x000002d0   ARM Code       0  rtentry2.o(.ARM.Collect$$rtentry$$00000009)
    __rt_entry_main                          0x000002d4   ARM Code       0  rtentry2.o(.ARM.Collect$$rtentry$$0000000D)
    __rt_entry_postli_1                      0x000002d4   ARM Code       0  rtentry2.o(.ARM.Collect$$rtentry$$0000000C)
    Inline Thumb to ARM Veneer to __rt_exit  0x000002fd   Thumb Code     4  rtexit.o(.ARM.Collect$$rtexit$$00000000)
    __rt_exit                                0x00000300   ARM Code       0  rtexit.o(.ARM.Collect$$rtexit$$00000000)
    __rt_exit_ls                             0x00000304   ARM Code       0  rtexit2.o(.ARM.Collect$$rtexit$$00000003)
    __rt_exit_prels_1                        0x00000304   ARM Code       0  rtexit2.o(.ARM.Collect$$rtexit$$00000002)
    __rt_exit_exit                           0x00000308   ARM Code       0  rtexit2.o(.ARM.Collect$$rtexit$$00000004)
    rand                                     0x00000311   Thumb Code    52  rand.o(.emb_text)
    __user_initial_stackheap                 0x00000348   ARM Code       0  lpc2300.o(.text)
    main                                     0x0000036d   Thumb Code   538  main.o(.text)
    InitHardware                             0x0000061d   Thumb Code   152  inittcas.o(.text)
    spoiInitializeTcasHardware               0x000006b5   Thumb Code     2  inittcas.o(.text)
    SpoiGPIOInit                             0x00000759   Thumb Code   112  gpioinit.o(.text)
    getMIESlotNumber                         0x000007c9   Thumb Code   224  gpioinit.o(.text)
    CheckCrcOnStartup                        0x000008a9   Thumb Code   114  gpioinit.o(.text)
    SpoiRTCInit                              0x00000a19   Thumb Code    32  realtimeclk.o(.text)
    SpoiRTCSetDateTime                       0x00000a39   Thumb Code    36  realtimeclk.o(.text)
    SpoiRTCGetDateTime                       0x00000a5d   Thumb Code    44  realtimeclk.o(.text)
    SpoiRTCGETMilliSeconds                   0x00000a89   Thumb Code    30  realtimeclk.o(.text)
    Inline ARM to Thumb Veneer to SpoiElapsTICs 0x00000ab4   ARM Code       8  systemtimer.o(.text)
    SpoiSysTimeInit                          0x00000abd   Thumb Code   102  systemtimer.o(.text)
    SpoiGetSysTICs                           0x00000b23   Thumb Code     6  systemtimer.o(.text)
    SpoiElapsTICs                            0x00000b29   Thumb Code     8  systemtimer.o(.text)
    SpoiPause                                0x00000b31   Thumb Code    22  systemtimer.o(.text)
    SpoiUartInitialize                       0x00000bc3   Thumb Code   210  uart.o(.text)
    SpoiWDTInit                              0x00000f6d   Thumb Code    32  wdtinit.o(.text)
    SpoiWDTReload                            0x00000f8d   Thumb Code    20  wdtinit.o(.text)
    CommWatchDogStrobe                       0x00000fa1   Thumb Code    86  wdtinit.o(.text)
    convert                                  0x00001009   Thumb Code    22  ext_rtc.o(.text)
    Dely                                     0x0000101f   Thumb Code    12  ext_rtc.o(.text)
    Rtc_start                                0x0000102b   Thumb Code   182  ext_rtc.o(.text)
    Rtc_stop                                 0x000010e1   Thumb Code    96  ext_rtc.o(.text)
    Rtc_write                                0x00001141   Thumb Code   222  ext_rtc.o(.text)
    Write_Rtc                                0x0000121f   Thumb Code    86  ext_rtc.o(.text)
    Rtc_receive                              0x00001275   Thumb Code   314  ext_rtc.o(.text)
    Read_Rtc                                 0x000013af   Thumb Code    70  ext_rtc.o(.text)
    rtc_intl                                 0x000013f5   Thumb Code    80  ext_rtc.o(.text)
    Write_ex_RTC                             0x00001445   Thumb Code   126  ext_rtc.o(.text)
    init_serial                              0x000014c5   Thumb Code    32  serial.o(.text)
    sendchar                                 0x000014e5   Thumb Code    26  serial.o(.text)
    getkey                                   0x000014ff   Thumb Code    12  serial.o(.text)
    Inline ARM to Thumb Veneer to _sys_exit  0x00001514   ARM Code       8  retarget.o(.text)
    fputc                                    0x0000151d   Thumb Code    12  retarget.o(.text)
    fgetc                                    0x00001529   Thumb Code    12  retarget.o(.text)
    ferror                                   0x00001535   Thumb Code     6  retarget.o(.text)
    _ttywrch                                 0x0000153b   Thumb Code     8  retarget.o(.text)
    _sys_exit                                0x00001543   Thumb Code     2  retarget.o(.text)
    ExtractBits                              0x00001545   Thumb Code    94  bitmanip.o(.text)
    InsertBits                               0x000015a3   Thumb Code   142  bitmanip.o(.text)
    CommGetCRC16                             0x00001635   Thumb Code    62  rxandtx.o(.text)
    CommCheckCRC                             0x00001673   Thumb Code    48  rxandtx.o(.text)
    Comm_ComGetByte                          0x000016a3   Thumb Code    36  rxandtx.o(.text)
    Comm_ComDataReady                        0x000016c7   Thumb Code    26  rxandtx.o(.text)
    CommReadAndFormMessage                   0x000016e1   Thumb Code   172  rxandtx.o(.text)
    Comm_ComSendByte                         0x0000178d   Thumb Code    62  rxandtx.o(.text)
    CommTransmitMessage                      0x000017cb   Thumb Code    90  rxandtx.o(.text)
    CommComputeCRC                           0x00001825   Thumb Code    36  rxandtx.o(.text)
    TransmitMessage_NoDle                    0x00001849   Thumb Code    76  rxandtx.o(.text)
    Get_CS                                   0x000018b5   Thumb Code    22  checksum.o(.text)
    CheckCS                                  0x000018cb   Thumb Code    38  checksum.o(.text)
    CheckIntegrity                           0x000018f1   Thumb Code    30  checksum.o(.text)
    GetCRC16                                 0x00001915   Thumb Code    74  crc.o(.text)
    ComputeCRC                               0x0000195f   Thumb Code    36  crc.o(.text)
    CheckCRC                                 0x00001983   Thumb Code    64  crc.o(.text)
    EINT2_Handler                            0x000019fc   ARM Code     256  ppsinit.o(.text)
    EINT1_Handler                            0x00001afc   ARM Code     268  ppsinit.o(.text)
    EINTInit                                 0x00001c4d   Thumb Code   116  ppsinit.o(.text)
    extractLocoPacket                        0x00001cdd   Thumb Code   472  loco.o(.text)
    getLocoIndex                             0x00001eb5   Thumb Code    70  loco.o(.text)
    delSigInfoNodes                          0x00001efb   Thumb Code    88  loco.o(.text)
    getTrnLocoIndex                          0x00001f53   Thumb Code    56  loco.o(.text)
    updateTrainLenStat                       0x00001f8b   Thumb Code    70  loco.o(.text)
    updadeTrnLenNodes                        0x00001fd1   Thumb Code    52  loco.o(.text)
    AnalyzeHeader                            0x00002055   Thumb Code   190  rm.o(.text)
    rReadAndFormMessageNoDle                 0x00002113   Thumb Code   280  rm.o(.text)
    processReceiveMessage                    0x0000222b   Thumb Code   284  rm.o(.text)
    getFrameNum                              0x00002347   Thumb Code    78  rm.o(.text)
    formStationPacket                        0x00002395   Thumb Code  1706  rm.o(.text)
    formSlotControlPacket                    0x00002a3f   Thumb Code   510  rm.o(.text)
    formEmergencyPacket                      0x00002c3d   Thumb Code   788  rm.o(.text)
    transmitStnPktToModem                    0x00002f51   Thumb Code   120  rm.o(.text)
    vfnFireRadioPkt                          0x00002fc9   Thumb Code    66  rm.o(.text)
    processTransmissionToModem               0x0000300b   Thumb Code    30  rm.o(.text)
    transmitAccConPktToModem                 0x00003029   Thumb Code    48  rm.o(.text)
    processSlotControlPacketToModem          0x00003059   Thumb Code    36  rm.o(.text)
    processEmergencyPacketToModem            0x0000307d   Thumb Code    74  rm.o(.text)
    formStaticTrackProfilePkt                0x000030c7   Thumb Code  1184  rm.o(.text)
    SendModemDiagnosticReqASCII              0x00003567   Thumb Code    44  rm.o(.text)
    ProcessRmHealthASCIIPkt                  0x00003593   Thumb Code  2856  rm.o(.text)
    ReadModemHealthASCII                     0x000040bb   Thumb Code   194  rm.o(.text)
    ReadRMSetupPortASCII                     0x0000417d   Thumb Code   128  rm.o(.text)
    ReadTXReplay                             0x000041fd   Thumb Code    36  rm.o(.text)
    SendResetCmdToRM                         0x00004221   Thumb Code    68  rm.o(.text)
    Inline ARM to Thumb Veneer to CAN_rdMsg  0x000043a4   ARM Code       8  can.o(.text)
    CAN_rdMsg                                0x000043ad   Thumb Code    48  can.o(.text)
    CAN_setup                                0x000043dd   Thumb Code   124  can.o(.text)
    CAN_start                                0x00004459   Thumb Code    16  can.o(.text)
    CAN_waitReady                            0x00004469   Thumb Code    30  can.o(.text)
    CAN_wrMsg                                0x00004487   Thumb Code   134  can.o(.text)
    CAN_wrFilter                             0x0000450d   Thumb Code   404  can.o(.text)
    can_Init                                 0x000046a1   Thumb Code   132  can.o(.text)
    CAN_transmit                             0x00004725   Thumb Code    46  can.o(.text)
    sendCanPkts                              0x00004753   Thumb Code    46  can.o(.text)
    TransmitCanPkt                           0x00004781   Thumb Code   186  can.o(.text)
    canDataReady                             0x0000483b   Thumb Code    78  can.o(.text)
    readCanToStructs                         0x00004889   Thumb Code  2480  can.o(.text)
    getCanData                               0x00005239   Thumb Code     4  can.o(.text)
    Inline ARM to Thumb Veneer to loadTimer2MR0 0x00005664   ARM Code       8  timer.o(.text)
    timer1Init                               0x0000566d   Thumb Code    44  timer.o(.text)
    timer2Init                               0x00005699   Thumb Code    50  timer.o(.text)
    loadTimer1MR0                            0x000056cd   Thumb Code    10  timer.o(.text)
    loadTimer2MR0                            0x000056d9   Thumb Code    10  timer.o(.text)
    loadTimer2MR1                            0x000056e5   Thumb Code    10  timer.o(.text)
    loadTimer2MR2                            0x000056f1   Thumb Code    10  timer.o(.text)
    loadTimer2MR3                            0x000056fd   Thumb Code    10  timer.o(.text)
    loadTimer3MR0                            0x00005709   Thumb Code    10  timer.o(.text)
    loadTimer3MR1                            0x00005715   Thumb Code    10  timer.o(.text)
    loadTimer3MR2                            0x00005721   Thumb Code    10  timer.o(.text)
    loadTimer3MR3                            0x0000572d   Thumb Code    10  timer.o(.text)
    loadTimer1MR1                            0x00005739   Thumb Code    12  timer.o(.text)
    loadTimer1MR2                            0x00005745   Thumb Code    12  timer.o(.text)
    loadTimer1MR3                            0x00005751   Thumb Code    12  timer.o(.text)
    FrquncyShift_FSToF0                      0x0000575d   Thumb Code    28  timer.o(.text)
    FrquncyShift_F0ToFS                      0x00005779   Thumb Code    14  timer.o(.text)
    timer3Init                               0x00005789   Thumb Code    70  timer.o(.text)
    configTimers                             0x000057d1   Thumb Code    64  timer.o(.text)
    configSlotControlPkt                     0x00005811   Thumb Code    60  timer.o(.text)
    ConfigEmergencyPkt                       0x0000584d   Thumb Code    66  timer.o(.text)
    bcdToDec                                 0x000058e5   Thumb Code    14  gps.o(.text)
    printgpsdata                             0x000058f3   Thumb Code   260  gps.o(.text)
    FormAndTransmitGPSData                   0x000059f7   Thumb Code    34  gps.o(.text)
    SetRTCDateTime                           0x00005a19   Thumb Code   244  gps.o(.text)
    NetworkTimeSync                          0x00005b0d   Thumb Code   100  gps.o(.text)
    extractGPSData                           0x00005b71   Thumb Code   198  gps.o(.text)
    ComputeChecksum                          0x00005c37   Thumb Code    34  gps.o(.text)
    StrH2I                                   0x00005c59   Thumb Code    92  gps.o(.text)
    CheckSumOk                               0x00005cb5   Thumb Code   112  gps.o(.text)
    extractGPSData1                          0x00005d25   Thumb Code    76  gps.o(.text)
    GetGPSData                               0x00005d71   Thumb Code   206  gps.o(.text)
    ReadGPSData                              0x00005e3f   Thumb Code    44  gps.o(.text)
    DetectSpike                              0x00005e6b   Thumb Code    82  gps.o(.text)
    vfnFormAndTransDataLogSigPkt             0x00005ef9   Thumb Code   208  datalogger.o(.text)
    vfnTransmitDataloggerStnPkt              0x00005fc9   Thumb Code   158  datalogger.o(.text)
    processAuthenticationKeyRequest          0x00006067   Thumb Code    74  datalogger.o(.text)
    AES128_CBC_encrypt_buffer                0x00006303   Thumb Code   148  encrpt.o(.text)
    ComputeRandom16Byte                      0x00006397   Thumb Code    64  encrpt.o(.text)
    ComputeAuthenticKeyIndex                 0x000063d7   Thumb Code    18  encrpt.o(.text)
    ComputeMAC_Code                          0x000063e9   Thumb Code   350  encrpt.o(.text)
    CheckMAC                                 0x00006547   Thumb Code   136  encrpt.o(.text)
    __I$use$semihosting                      0x00006650   ARM Code       0  use_no_semi.o(.text)
    __use_no_semihosting_swi                 0x00006650   ARM Code       4  use_no_semi.o(.text)
    Inline Thumb to ARM Veneer to __rt_ctype_table 0x00006655   Thumb Code     4  rt_ctype_table.o(.text)
    __rt_ctype_table                         0x00006658   ARM Code      24  rt_ctype_table.o(.text)
    Inline ARM to Thumb Veneer to __2printf  0x00006670   ARM Code       8  noretval__2printf.o(.text)
    __2printf                                0x00006679   Thumb Code    22  noretval__2printf.o(.text)
    _printf_str                              0x00006695   Thumb Code    88  _printf_str.o(.text)
    Inline ARM to Thumb Veneer to _printf_int_dec 0x000066ec   ARM Code       8  _printf_dec.o(.text)
    _printf_int_dec                          0x000066f5   Thumb Code    94  _printf_dec.o(.text)
    Inline ARM to Thumb Veneer to _printf_int_hex 0x00006764   ARM Code       8  _printf_hex_int.o(.text)
    _printf_int_hex                          0x0000676d   Thumb Code    88  _printf_hex_int.o(.text)
    _printf_longlong_hex                     0x0000676d   Thumb Code     0  _printf_hex_int.o(.text)
    __printf                                 0x000067c9   Thumb Code   206  __printf_ss.o(.text)
    __0sscanf                                0x00006899   Thumb Code    54  __0sscanf.o(.text)
    _scanf_string                            0x000068d9   Thumb Code   242  _scanf_str.o(.text)
    atoi                                     0x000069cb   Thumb Code    30  atoi.o(.text)
    srand                                    0x000069e9   Thumb Code    48  rand.o(.text)
    _rand_init                               0x00006a19   Thumb Code     4  rand.o(.text)
    strtok                                   0x00006a29   Thumb Code    14  strtok.o(.text)
    strstr                                   0x00006a3d   Thumb Code    42  strstr.o(.text)
    memcmp                                   0x00006a67   Thumb Code   118  memcmp.o(.text)
    strlen                                   0x00006add   Thumb Code    64  strlen.o(.text)
    strcat                                   0x00006b21   Thumb Code    24  strcat.o(.text)
    Inline Thumb to ARM Veneer to memcpy     0x00006b39   Thumb Code     4  memcpy.o(.text)
    memcpy                                   0x00006b3c   ARM Code      16  memcpy.o(.text)
    Inline Thumb to ARM Veneer to __aeabi_memcpy 0x00006b4d   Thumb Code     4  rt_memcpy.o(.text)
    __aeabi_memcpy                           0x00006b50   ARM Code       0  rt_memcpy.o(.text)
    __rt_memcpy                              0x00006b50   ARM Code     212  rt_memcpy.o(.text)
    _memcpy_lastbytes                        0x00006c04   ARM Code       0  rt_memcpy.o(.text)
    Inline Thumb to ARM Veneer to __aeabi_memcpy4 0x00006c25   Thumb Code     4  rt_memcpy_w.o(.text)
    __aeabi_memcpy4                          0x00006c28   ARM Code       0  rt_memcpy_w.o(.text)
    __aeabi_memcpy8                          0x00006c28   ARM Code       0  rt_memcpy_w.o(.text)
    __rt_memcpy_w                            0x00006c28   ARM Code     100  rt_memcpy_w.o(.text)
    _memcpy_lastbytes_aligned                0x00006c74   ARM Code       0  rt_memcpy_w.o(.text)
    Inline Thumb to ARM Veneer to __aeabi_memclr 0x00006c8d   Thumb Code     4  rt_memclr.o(.text)
    __aeabi_memclr                           0x00006c90   ARM Code       0  rt_memclr.o(.text)
    __rt_memclr                              0x00006c90   ARM Code      64  rt_memclr.o(.text)
    _memset                                  0x00006c94   ARM Code       0  rt_memclr.o(.text)
    Inline Thumb to ARM Veneer to __aeabi_memclr4 0x00006cd1   Thumb Code     4  rt_memclr_w.o(.text)
    __aeabi_memclr4                          0x00006cd4   ARM Code       0  rt_memclr_w.o(.text)
    __aeabi_memclr8                          0x00006cd4   ARM Code       0  rt_memclr_w.o(.text)
    __rt_memclr_w                            0x00006cd4   ARM Code      84  rt_memclr_w.o(.text)
    _memset_w                                0x00006cd8   ARM Code       0  rt_memclr_w.o(.text)
    Inline Thumb to ARM Veneer to __aeabi_uread4 0x00006d29   Thumb Code     4  uread4.o(.text)
    __aeabi_uread4                           0x00006d2c   ARM Code       0  uread4.o(.text)
    __rt_uread4                              0x00006d2c   ARM Code      32  uread4.o(.text)
    Inline Thumb to ARM Veneer to __aeabi_uwrite4 0x00006d4d   Thumb Code     4  uwrite4.o(.text)
    __aeabi_uwrite4                          0x00006d50   ARM Code       0  uwrite4.o(.text)
    __rt_uwrite4                             0x00006d50   ARM Code      32  uwrite4.o(.text)
    Inline Thumb to ARM Veneer to __aeabi_idivmod 0x00006d71   Thumb Code     4  aeabi_sdiv.o(.text)
    __aeabi_idiv                             0x00006d74   ARM Code       0  aeabi_sdiv.o(.text)
    __aeabi_idivmod                          0x00006d74   ARM Code     384  aeabi_sdiv.o(.text)
    __use_two_region_memory                  0x00006ef5   Thumb Code     2  heapauxi.o(.text)
    __rt_heap_escrow$2region                 0x00006ef7   Thumb Code     2  heapauxi.o(.text)
    __rt_heap_expand$2region                 0x00006ef9   Thumb Code     2  heapauxi.o(.text)
    Inline Thumb to ARM Veneer to __rt_locale 0x00006efd   Thumb Code     4  rt_locale_intlibspace.o(.text)
    __rt_locale                              0x00006f00   ARM Code      12  rt_locale_intlibspace.o(.text)
    Inline Thumb to ARM Veneer to __aeabi_errno_addr 0x00006f0d   Thumb Code     4  rt_errno_addr_intlibspace.o(.text)
    __aeabi_errno_addr                       0x00006f10   ARM Code      12  rt_errno_addr_intlibspace.o(.text)
    __errno$intlibspace                      0x00006f10   ARM Code       0  rt_errno_addr_intlibspace.o(.text)
    __rt_errno_addr$intlibspace              0x00006f10   ARM Code       0  rt_errno_addr_intlibspace.o(.text)
    _printf_int_common                       0x00006f1d   Thumb Code   186  _printf_intcommon.o(.text)
    Inline ARM to Thumb Veneer to _printf_char 0x00006fd8   ARM Code       8  _printf_char.o(.text)
    _printf_cs_common                        0x00006fe1   Thumb Code    26  _printf_char.o(.text)
    _printf_char                             0x00006ffb   Thumb Code    16  _printf_char.o(.text)
    _printf_string                           0x0000700b   Thumb Code     8  _printf_char.o(.text)
    _printf_char_file                        0x00007015   Thumb Code    38  _printf_char_file.o(.text)
    _scanf_really_real                       0x00007243   Thumb Code   734  scanf_fp.o(.text)
    __vfscanf_char                           0x0000752d   Thumb Code    34  scanf_char.o(.text)
    _sgetc                                   0x00007559   Thumb Code    32  _sgetc.o(.text)
    _sbackspace                              0x00007579   Thumb Code    38  _sgetc.o(.text)
    strtol                                   0x000075a1   Thumb Code   112  strtol.o(.text)
    __strtok_internal                        0x00007615   Thumb Code    72  strtok_int.o(.text)
    Inline Thumb to ARM Veneer to __rt_udiv10 0x00007661   Thumb Code     4  rtudiv10.o(.text)
    __rt_udiv10                              0x00007664   ARM Code      44  rtudiv10.o(.text)
    __user_libspace                          0x00007690   ARM Code      12  libspace.o(.text)
    __user_perproc_libspace                  0x00007690   ARM Code       0  libspace.o(.text)
    __user_perthread_libspace                0x00007690   ARM Code       0  libspace.o(.text)
    Inline Thumb to ARM Veneer to __aeabi_lmul 0x0000769d   Thumb Code     4  llmul.o(.text)
    __aeabi_lmul                             0x000076a0   ARM Code       0  llmul.o(.text)
    _ll_mul                                  0x000076a0   ARM Code      28  llmul.o(.text)
    isspace                                  0x000076bd   Thumb Code    22  isspace.o(.text)
    _printf_char_common                      0x000076df   Thumb Code    34  _printf_char_common.o(.text)
    __vfscanf                                0x00007705   Thumb Code   948  _scanf.o(.text)
    _strtoul                                 0x00007ac5   Thumb Code   172  _strtoul.o(.text)
    _btod_etento                             0x00007b71   Thumb Code   210  bigflt0.o(.text)
    strcspn                                  0x00007c49   Thumb Code    36  strcspn.o(.text)
    strspn                                   0x00007c6d   Thumb Code    34  strspn.o(.text)
    strcmp                                   0x00007c90   ARM Code     156  strcmp.o(.text)
    __user_setup_stackheap                   0x00007d30   ARM Code      96  sys_stackheap_outer.o(.text)
    Inline ARM to Thumb Veneer to __set_errno 0x00007d90   ARM Code       8  _rserrno.o(.text)
    __read_errno                             0x00007d99   Thumb Code    14  _rserrno.o(.text)
    __set_errno                              0x00007da7   Thumb Code    12  _rserrno.o(.text)
    _chval                                   0x00007db3   Thumb Code    30  _chval.o(.text)
    Inline ARM to Thumb Veneer to _scanf_really_hex_real 0x00007dd0   ARM Code       8  scanf_hexfp.o(.text)
    _scanf_really_hex_real                   0x00007dd9   Thumb Code   814  scanf_hexfp.o(.text)
    Inline ARM to Thumb Veneer to _scanf_really_infnan 0x00008114   ARM Code       8  scanf_infnan.o(.text)
    _scanf_really_infnan                     0x0000811d   Thumb Code   322  scanf_infnan.o(.text)
    exit                                     0x00008271   Thumb Code    12  exit.o(.text)
    Inline Thumb to ARM Veneer to __aeabi_llsl 0x0000827d   Thumb Code     4  llshl.o(.text)
    __aeabi_llsl                             0x00008280   ARM Code       0  llshl.o(.text)
    _ll_shift_l                              0x00008280   ARM Code      40  llshl.o(.text)
    __rt_fp_status_addr                      0x000082a8   ARM Code      12  rt_fp_status_addr_intlibspace.o(.text)
    Inline Thumb to ARM Veneer to __aeabi_uidivmod 0x000082b5   Thumb Code     4  aeabi_sdiv.o(.text_udiv)
    __aeabi_uidiv                            0x000082b8   ARM Code       0  aeabi_sdiv.o(.text_udiv)
    __aeabi_uidivmod                         0x000082b8   ARM Code      36  aeabi_sdiv.o(.text_udiv)
    __btod_div_common                        0x000082dc   ARM Code     716  btod.o(CL$$btod_div_common)
    _e2d                                     0x00008628   ARM Code      96  btod.o(CL$$btod_e2d)
    _e2e                                     0x0000868c   ARM Code     220  btod.o(CL$$btod_e2e)
    Inline Thumb to ARM Veneer to _btod_ediv 0x00008769   Thumb Code     4  btod.o(CL$$btod_ediv)
    _btod_ediv                               0x0000876c   ARM Code      52  btod.o(CL$$btod_ediv)
    Inline Thumb to ARM Veneer to _btod_edivd 0x000087a1   Thumb Code     4  btod.o(CL$$btod_edivd)
    _btod_edivd                              0x000087a4   ARM Code      52  btod.o(CL$$btod_edivd)
    Inline Thumb to ARM Veneer to _btod_emul 0x000087d9   Thumb Code     4  btod.o(CL$$btod_emul)
    _btod_emul                               0x000087dc   ARM Code      52  btod.o(CL$$btod_emul)
    Inline Thumb to ARM Veneer to _btod_emuld 0x00008811   Thumb Code     4  btod.o(CL$$btod_emuld)
    _btod_emuld                              0x00008814   ARM Code      52  btod.o(CL$$btod_emuld)
    __btod_mult_common                       0x00008848   ARM Code     616  btod.o(CL$$btod_mult_common)
    Long ARM to Thumb Veneer to _printf_string 0x00008ab0   ARM Code      12  anon$$obj.o(Veneer$$Code)
    Long ARM to Thumb Veneer to loadTimer2MR1 0x00008abc   ARM Code      12  anon$$obj.o(Veneer$$Code)
    Long ARM to Thumb Veneer to loadTimer2MR2 0x00008ac8   ARM Code      12  anon$$obj.o(Veneer$$Code)
    Long ARM to Thumb Veneer to loadTimer2MR3 0x00008ad4   ARM Code      12  anon$$obj.o(Veneer$$Code)
    Long ARM to Thumb Veneer to loadTimer1MR0 0x00008ae0   ARM Code      12  anon$$obj.o(Veneer$$Code)
    Long ARM to Thumb Veneer to SpoiGetSysTICs 0x00008aec   ARM Code      12  anon$$obj.o(Veneer$$Code)
    Long ARM to Thumb Veneer to SpoiPause    0x00008af8   ARM Code      12  anon$$obj.o(Veneer$$Code)
    Short Thumb to ARM Veneer to _scanf_infnan 0x00008b05   Thumb Code     8  anon$$obj.o(Veneer$$Code)
    Long ARM to Thumb Veneer to _scanf_really_real 0x00008b0c   ARM Code      12  anon$$obj.o(Veneer$$Code)
    __ARM_common_call_via_r1                 0x00008b19   Thumb Code     2  __printf.o(i.__ARM_common_call_via_r1)
    __ARM_common_call_via_r2                 0x00008b1b   Thumb Code     2  __printf.o(i.__ARM_common_call_via_r2)
    Inline Thumb to ARM Veneer to __ARM_common_switch8 0x00008b1d   Thumb Code     4  rm.o(i.__ARM_common_switch8)
    __ARM_common_switch8                     0x00008b20   ARM Code      24  rm.o(i.__ARM_common_switch8)
    __mathlib_dbl_underflow                  0x00008b38   ARM Code      20  dunder.o(i.__mathlib_dbl_underflow)
    Inline Thumb to ARM Veneer to __mathlib_narrow 0x00008b4d   Thumb Code     4  narrow.o(i.__mathlib_narrow)
    __mathlib_narrow                         0x00008b50   ARM Code      28  narrow.o(i.__mathlib_narrow)
    __mathlib_tofloat                        0x00008b6c   ARM Code     216  narrow.o(i.__mathlib_tofloat)
    Inline Thumb to ARM Veneer to __support_ldexp 0x00008c45   Thumb Code     4  ldexp.o(i.__support_ldexp)
    __support_ldexp                          0x00008c48   ARM Code      36  ldexp.o(i.__support_ldexp)
    _is_digit                                0x00008c6d   Thumb Code    14  __printf_wp.o(i._is_digit)
    frexp                                    0x00008c7c   ARM Code     128  frexp.o(i.frexp)
    ldexp                                    0x00008cfc   ARM Code     212  ldexp.o(i.ldexp)
    Inline Thumb to ARM Veneer to _get_lc_ctype 0x00008dd1   Thumb Code     4  lc_ctype_c.o(locale$$code)
    _get_lc_ctype                            0x00008dd4   ARM Code      80  lc_ctype_c.o(locale$$code)
    Inline Thumb to ARM Veneer to _get_lc_numeric 0x00008e25   Thumb Code     4  lc_numeric_c.o(locale$$code)
    _get_lc_numeric                          0x00008e28   ARM Code      80  lc_numeric_c.o(locale$$code)
    __aeabi_d2f                              0x00008e78   ARM Code       0  d2f.o(x$fpl$d2f)
    _d2f                                     0x00008e78   ARM Code     108  d2f.o(x$fpl$d2f)
    __fpl_dcheck_NaN1                        0x00008ee4   ARM Code      12  dcheck1.o(x$fpl$dcheck1)
    __fpl_dcmp_Inf                           0x00008ef4   ARM Code      28  dcmpi.o(x$fpl$dcmpinf)
    __aeabi_cdcmpeq                          0x00008f10   ARM Code       0  deqf.o(x$fpl$deqf)
    _dcmpeq                                  0x00008f10   ARM Code     148  deqf.o(x$fpl$deqf)
    __aeabi_cdcmple                          0x00008fa4   ARM Code       0  dleqf.o(x$fpl$dleqf)
    _dcmple                                  0x00008fa4   ARM Code     148  dleqf.o(x$fpl$dleqf)
    __fpl_dcmple_InfNaN                      0x00009020   ARM Code       0  dleqf.o(x$fpl$dleqf)
    __fpl_dnaninf                            0x00009038   ARM Code     192  dnaninf.o(x$fpl$dnaninf)
    __aeabi_cdrcmple                         0x000090f8   ARM Code       0  drleqf.o(x$fpl$drleqf)
    _drcmple                                 0x000090f8   ARM Code     140  drleqf.o(x$fpl$drleqf)
    Inline Thumb to ARM Veneer to __aeabi_fmul 0x00009185   Thumb Code     4  fmul.o(x$fpl$fmul)
    __aeabi_fmul                             0x00009188   ARM Code       0  fmul.o(x$fpl$fmul)
    _fmul                                    0x00009188   ARM Code     256  fmul.o(x$fpl$fmul)
    __fpl_fnaninf                            0x00009288   ARM Code     168  fnaninf.o(x$fpl$fnaninf)
    Inline Thumb to ARM Veneer to _fp_init   0x00009331   Thumb Code     4  fpinit.o(x$fpl$fpinit)
    _fp_init                                 0x00009334   ARM Code      24  fpinit.o(x$fpl$fpinit)
    __fplib_config_pureend_doubles           0x00009344   ARM Code       0  fpinit.o(x$fpl$fpinit)
    __fpl_fretinf                            0x0000934c   ARM Code      16  fretinf.o(x$fpl$fretinf)
    Inline Thumb to ARM Veneer to __ieee_status 0x0000935d   Thumb Code     4  istatus.o(x$fpl$ieeestatus)
    __ieee_status                            0x00009360   ARM Code       8  istatus.o(x$fpl$ieeestatus)
    __fpl_return_NaN                         0x00009368   ARM Code     116  retnan.o(x$fpl$retnan)
    __ARM_scalbn                             0x000093dc   ARM Code     104  scalbn.o(x$fpl$scalbn)
    Inline Thumb to ARM Veneer to _scanf_real 0x00009445   Thumb Code     4  scanf1.o(x$fpl$scanf1)
    _scanf_real                              0x00009448   ARM Code       4  scanf1.o(x$fpl$scanf1)
    Inline Thumb to ARM Veneer to _scanf_hex_real 0x0000944d   Thumb Code     4  scanf2.o(x$fpl$scanf2)
    _scanf_hex_real                          0x00009450   ARM Code       4  scanf2.o(x$fpl$scanf2)
    _scanf_infnan                            0x00009454   ARM Code       4  scanf2.o(x$fpl$scanf2)
    __fpl_cmpreturn                          0x00009458   ARM Code      60  trapv.o(x$fpl$trapveneer)
    Kus_Crc16Table                           0x00009494   Data          32  rxandtx.o(.constdata)
    __I$use$fp                               0x00009494   ARM Code       0  usenofp.o(x$fpl$usenofp)
    ulCrc16Table                             0x000094b4   Data          32  crc.o(.constdata)
    CAN_BIT_TIME                             0x000094e4   Data          68  can.o(.constdata)
    Region$$Table$$Base                      0x00009844   Number         0  anon$$obj.o(Region$$Table)
    Region$$Table$$Limit                     0x00009864   Number         0  anon$$obj.o(Region$$Table)
    __aeabi_HUGE_VAL                         0x00009864   Data           0  fpconst.o(c$$dinf)
    __aeabi_HUGE_VALL                        0x00009864   Data           0  fpconst.o(c$$dinf)
    __aeabi_INFINITY                         0x00009864   Data           0  fpconst.o(c$$dinf)
    __dInf                                   0x00009864   Data           0  fpconst.o(c$$dinf)
    __huge_val                               0x00009864   Data           0  fpconst.o(c$$dinf)
    __ctype                                  0x00009879   Data           0  lc_ctype_c.o(locale$$data)
    gucNoOfLoco_sig                          0x40000000   Data           1  globals.o(.data)
    syncTime                                 0x40000001   Data           1  globals.o(.data)
    gucSelfSlot                              0x40000002   Data           1  globals.o(.data)
    gucHealthFlag                            0x40000003   Data           1  globals.o(.data)
    uiframeno                                0x40000004   Data           4  globals.o(.data)
    uiDestnationLOcoID                       0x40000008   Data           4  globals.o(.data)
    TxFlag                                   0x4000000c   Data           1  globals.o(.data)
    Tx1Flag                                  0x4000000d   Data           1  globals.o(.data)
    Tx2Flag                                  0x4000000e   Data           1  globals.o(.data)
    gCommHealthClock                         0x40000010   Data           4  globals.o(.data)
    gui_CalCrc                               0x40000014   Data           2  globals.o(.data)
    GPSframeNo                               0x40000018   Data           4  globals.o(.data)
    gucSlotPktOnPort                         0x4000001c   Data           1  globals.o(.data)
    gucEmgPktOnPort                          0x4000001d   Data           1  globals.o(.data)
    gucTimerFrequencySet                     0x4000001e   Data           1  globals.o(.data)
    gucTimerFrequencyClr                     0x4000001f   Data           1  globals.o(.data)
    locoPresentFlag                          0x40000020   Data           1  globals.o(.data)
    stnTimeSlot                              0x40000024   Data         316  globals.o(.data)
    gcMidBlockSectionSlots                   0x40000160   Data           4  globals.o(.data)
    gcEmergencySlots                         0x40000164   Data           4  globals.o(.data)
    gucRTSHighRMShiftFlag                    0x40000168   Data           1  globals.o(.data)
    gucRadioModemResetFlag                   0x40000169   Data           1  globals.o(.data)
    PPS_Clock                                0x4000016c   Data           4  globals.o(.data)
    PPS_ONE_OK_Clock                         0x40000170   Data           4  globals.o(.data)
    GPSclk                                   0x40000174   Data           4  globals.o(.data)
    timeflag                                 0x40000178   Data           1  globals.o(.data)
    stCanGpsInfo                             0x40000179   Data           6  globals.o(.data)
    stCanCom1Com2_SwapStatusInfo             0x4000017f   Data           1  globals.o(.data)
    stCanCom1Com2StatusInfo_SwapFillStruct   0x40000180   Data           1  globals.o(.data)
    RadioModemHealth                         0x40000181   Data           1  globals.o(.data)
    stCanRadioModemFailStatusTx              0x40000182   Data           1  globals.o(.data)
    stCanRadioModemFailStatusRx              0x40000183   Data           1  globals.o(.data)
    stCanRadioModemFailStatusRxFillStruct    0x40000184   Data           1  globals.o(.data)
    ui_CalCrc                                0x40000188   Data           2  gpioinit.o(.data)
    ul_Calbytcnt                             0x4000018c   Data           4  gpioinit.o(.data)
    ui_RTCMilliSeconds                       0x40000190   Data           4  realtimeclk.o(.data)
    ui_RTCPrevSecond                         0x40000194   Data           4  realtimeclk.o(.data)
    __stdout                                 0x400001a4   Data           4  retarget.o(.data)
    canFailStatus                            0x400002e4   Data           2  can.o(.data)
    CAN_TxRdy                                0x400002f0   Data           8  can.o(.data)
    sucPPSDebugFlag                          0x400002f8   Data           1  timer.o(.data)
    processTransmitFlag                      0x400002f9   Data           1  timer.o(.data)
    processslotcontolTransmitFlag            0x400002fa   Data           1  timer.o(.data)
    consideforDate                           0x400002fc   Data           2  gps.o(.data)
    dataLoggerPkt                            0x40000324   Data         256  globals.o(.bss)
    stSelfInfo                               0x40000424   Data          10  globals.o(.bss)
    tempStSelfInfo                           0x4000042e   Data          20  globals.o(.bss)
    SigStatus                                0x40000442   Data          31  globals.o(.bss)
    tempSigStatus                            0x40000461   Data          62  globals.o(.bss)
    stLocMsg                                 0x4000049f   Data          36  globals.o(.bss)
    stStnNmsMsg                              0x400004c3   Data         154  globals.o(.bss)
    siginfo                                  0x4000055d   Data         320  globals.o(.bss)
    tempSigInfo                              0x4000069d   Data          64  globals.o(.bss)
    sigUpdateTime                            0x400006e0   Data          40  globals.o(.bss)
    tempTrnLenInfo                           0x40000708   Data          10  globals.o(.bss)
    trnLenStat                               0x40000714   Data          40  globals.o(.bss)
    stationPkt                               0x4000073c   Data         256  globals.o(.bss)
    stationPkt2                              0x4000083c   Data         256  globals.o(.bss)
    gucSlotControlPacket                     0x4000093c   Data         256  globals.o(.bss)
    gucEmrgncyPkt                            0x40000a3c   Data         256  globals.o(.bss)
    StaticProfilePkt                         0x40000b3c   Data         256  globals.o(.bss)
    staticProfileInfo                        0x40000c3c   Data         551  globals.o(.bss)
    tempStaticProfileInfo                    0x40000e63   Data        1102  globals.o(.bss)
    Authentication_KEY                       0x400012b1   Data          44  globals.o(.bss)
    tempAuthentication_KEY                   0x400012dd   Data          88  globals.o(.bss)
    Authentication_KEY_comSend               0x40001335   Data          50  globals.o(.bss)
    stCanRadioModemStatusLog                 0x40001368   Data          44  globals.o(.bss)
    st_ReadBuf                               0x40001394   Data        4128  uart.o(.bss)
    ucHealthReplayASCII                      0x400023b4   Data         400  rm.o(.bss)
    canStatus                                0x40002544   Data         352  can.o(.bss)
    CAN_TxMsg                                0x400026a4   Data          16  can.o(.bss)
    canRead                                  0x400026b4   Data         514  can.o(.bss)
    _random_number_data                      0x400029c0   Data         228  rand.o(.bss)
    __libspace_start                         0x40002aa4   Data          96  libspace.o(.bss)
    __temporary_stack_top$libspace           0x40002b04   Data           0  libspace.o(.bss)



==============================================================================

Memory Map of the image

  Image Entry point : 0x00000178

  Load Region LR_IROM1 (Base: 0x00000000, Size: 0x00009cbc, Max: 0x00080000, ABSOLUTE, COMPRESSED[0x00009b28])

    Execution Region ER_IROM1 (Base: 0x00000000, Size: 0x00009998, Max: 0x00080000, ABSOLUTE)

    Base Addr    Size         Type   Attr      Idx    E Section Name        Object

    0x00000000   0x00000178   Code   RO            3    RESET               lpc2300.o
    0x00000178   0x00000008   Code   RO          225  * !!!main             c_t.l(__main.o)
    0x00000180   0x0000003c   Code   RO          435    !!!scatter          c_t.l(__scatter.o)
    0x000001bc   0x0000005c   Code   RO          434    !!dczerorl2         c_t.l(__dczerorl2.o)
    0x00000218   0x0000002c   Code   RO          436    !!handler_zi        c_t.l(__scatter_zi.o)
    0x00000244   0x00000004   Ven    RO          196    .ARM.Collect$$_printf_percent$$00000000  c_t.l(_printf_percent.o)
    0x00000248   0x00000000   Code   RO          196    .ARM.Collect$$_printf_percent$$00000000  c_t.l(_printf_percent.o)
    0x00000248   0x00000008   Code   RO          194    .ARM.Collect$$_printf_percent$$00000009  c_t.l(_printf_d.o)
    0x00000250   0x00000008   Code   RO          195    .ARM.Collect$$_printf_percent$$0000000A  c_t.l(_printf_u.o)
    0x00000258   0x00000008   Code   RO          193    .ARM.Collect$$_printf_percent$$0000000C  c_t.l(_printf_x.o)
    0x00000260   0x00000008   Code   RO          191    .ARM.Collect$$_printf_percent$$00000013  c_t.l(_printf_c.o)
    0x00000268   0x00000008   Code   RO          192    .ARM.Collect$$_printf_percent$$00000014  c_t.l(_printf_s.o)
    0x00000270   0x00000008   Code   RO          240    .ARM.Collect$$_printf_percent$$00000017  c_t.l(_printf_percent_end.o)
    0x00000278   0x00000008   Ven    RO          361    .ARM.Collect$$libinit$$00000000  c_t.l(libinit.o)
    0x00000280   0x00000006   Code   RO          361    .ARM.Collect$$libinit$$00000000  c_t.l(libinit.o)
    0x00000286   0x00000000   Code   RO          251    .ARM.Collect$$libinit$$00000006  c_t.l(libinit2.o)
    0x00000286   0x00000000   Code   RO          253    .ARM.Collect$$libinit$$00000008  c_t.l(libinit2.o)
    0x00000286   0x00000004   Code   RO          254    .ARM.Collect$$libinit$$00000009  c_t.l(libinit2.o)
    0x0000028a   0x00000000   Code   RO          255    .ARM.Collect$$libinit$$0000000A  c_t.l(libinit2.o)
    0x0000028a   0x00000006   Code   RO          256    .ARM.Collect$$libinit$$0000000B  c_t.l(libinit2.o)
    0x00000290   0x00000000   Code   RO          258    .ARM.Collect$$libinit$$0000000D  c_t.l(libinit2.o)
    0x00000290   0x0000000c   Code   RO          259    .ARM.Collect$$libinit$$0000000E  c_t.l(libinit2.o)
    0x0000029c   0x00000000   Code   RO          260    .ARM.Collect$$libinit$$0000000F  c_t.l(libinit2.o)
    0x0000029c   0x00000000   Code   RO          262    .ARM.Collect$$libinit$$00000011  c_t.l(libinit2.o)
    0x0000029c   0x0000000a   Code   RO          263    .ARM.Collect$$libinit$$00000012  c_t.l(libinit2.o)
    0x000002a6   0x00000000   Code   RO          264    .ARM.Collect$$libinit$$00000013  c_t.l(libinit2.o)
    0x000002a6   0x00000000   Code   RO          266    .ARM.Collect$$libinit$$00000015  c_t.l(libinit2.o)
    0x000002a6   0x00000000   Code   RO          268    .ARM.Collect$$libinit$$00000017  c_t.l(libinit2.o)
    0x000002a6   0x00000000   Code   RO          270    .ARM.Collect$$libinit$$00000019  c_t.l(libinit2.o)
    0x000002a6   0x00000000   Code   RO          272    .ARM.Collect$$libinit$$0000001B  c_t.l(libinit2.o)
    0x000002a6   0x00000000   Code   RO          274    .ARM.Collect$$libinit$$0000001D  c_t.l(libinit2.o)
    0x000002a6   0x00000000   Code   RO          276    .ARM.Collect$$libinit$$0000001F  c_t.l(libinit2.o)
    0x000002a6   0x00000000   Code   RO          278    .ARM.Collect$$libinit$$00000021  c_t.l(libinit2.o)
    0x000002a6   0x00000000   Code   RO          282    .ARM.Collect$$libinit$$00000028  c_t.l(libinit2.o)
    0x000002a6   0x00000000   Code   RO          284    .ARM.Collect$$libinit$$0000002A  c_t.l(libinit2.o)
    0x000002a6   0x00000000   Code   RO          286    .ARM.Collect$$libinit$$0000002C  c_t.l(libinit2.o)
    0x000002a6   0x00000000   Code   RO          288    .ARM.Collect$$libinit$$0000002E  c_t.l(libinit2.o)
    0x000002a6   0x0000000c   Code   RO          289    .ARM.Collect$$libinit$$0000002F  c_t.l(libinit2.o)
    0x000002b2   0x00000002   PAD
    0x000002b4   0x00000008   Ven    RO          407    .ARM.Collect$$libshutdown$$00000000  c_t.l(libshutdown.o)
    0x000002bc   0x00000004   Code   RO          407    .ARM.Collect$$libshutdown$$00000000  c_t.l(libshutdown.o)
    0x000002c0   0x00000000   Code   RO          418    .ARM.Collect$$libshutdown$$00000003  c_t.l(libshutdown2.o)
    0x000002c0   0x00000000   Code   RO          421    .ARM.Collect$$libshutdown$$00000006  c_t.l(libshutdown2.o)
    0x000002c0   0x00000000   Code   RO          424    .ARM.Collect$$libshutdown$$00000009  c_t.l(libshutdown2.o)
    0x000002c0   0x00000000   Code   RO          426    .ARM.Collect$$libshutdown$$0000000B  c_t.l(libshutdown2.o)
    0x000002c0   0x00000000   Code   RO          429    .ARM.Collect$$libshutdown$$0000000E  c_t.l(libshutdown2.o)
    0x000002c0   0x00000006   Code   RO          430    .ARM.Collect$$libshutdown$$0000000F  c_t.l(libshutdown2.o)
    0x000002c6   0x00000002   PAD
    0x000002c8   0x00000000   Code   RO          228    .ARM.Collect$$rtentry$$00000000  c_t.l(rtentry.o)
    0x000002c8   0x00000000   Code   RO          296    .ARM.Collect$$rtentry$$00000002  c_t.l(rtentry2.o)
    0x000002c8   0x00000008   Code   RO          308    .ARM.Collect$$rtentry$$00000004  c_t.l(rtentry4.o)
    0x000002d0   0x00000000   Code   RO          298    .ARM.Collect$$rtentry$$00000009  c_t.l(rtentry2.o)
    0x000002d0   0x00000004   Code   RO          299    .ARM.Collect$$rtentry$$0000000A  c_t.l(rtentry2.o)
    0x000002d4   0x00000000   Code   RO          301    .ARM.Collect$$rtentry$$0000000C  c_t.l(rtentry2.o)
    0x000002d4   0x00000028   Code   RO          302    .ARM.Collect$$rtentry$$0000000D  c_t.l(rtentry2.o)
    0x000002fc   0x00000004   Ven    RO          368    .ARM.Collect$$rtexit$$00000000  c_t.l(rtexit.o)
    0x00000300   0x00000004   Code   RO          368    .ARM.Collect$$rtexit$$00000000  c_t.l(rtexit.o)
    0x00000304   0x00000000   Code   RO          390    .ARM.Collect$$rtexit$$00000002  c_t.l(rtexit2.o)
    0x00000304   0x00000004   Code   RO          391    .ARM.Collect$$rtexit$$00000003  c_t.l(rtexit2.o)
    0x00000308   0x00000008   Code   RO          392    .ARM.Collect$$rtexit$$00000004  c_t.l(rtexit2.o)
    0x00000310   0x00000038   Code   RO          200    .emb_text           c_t.l(rand.o)
    0x00000348   0x00000024   Code   RO            4    .text               lpc2300.o
    0x0000036c   0x000002b0   Code   RO            5    .text               main.o
    0x0000061c   0x0000013c   Code   RO           78    .text               inittcas.o
    0x00000758   0x000002c0   Code   RO           79    .text               gpioinit.o
    0x00000a18   0x0000009c   Code   RO           81    .text               realtimeclk.o
    0x00000ab4   0x00000008   Ven    RO           83    .text               systemtimer.o
    0x00000abc   0x000000a4   Code   RO           83    .text               systemtimer.o
    0x00000b60   0x000001e4   Code   RO           85    .text               uart.o
    0x00000d44   0x00000228   Code   RO           86    .text               uart.o
    0x00000f6c   0x0000009c   Code   RO           88    .text               wdtinit.o
    0x00001008   0x000004ba   Code   RO           90    .text               ext_rtc.o
    0x000014c2   0x00000002   PAD
    0x000014c4   0x00000050   Code   RO           97    .text               serial.o
    0x00001514   0x00000008   Ven    RO           98    .text               retarget.o
    0x0000151c   0x00000028   Code   RO           98    .text               retarget.o
    0x00001544   0x000000f0   Code   RO          101    .text               bitmanip.o
    0x00001634   0x00000280   Code   RO          103    .text               rxandtx.o
    0x000018b4   0x00000060   Code   RO          106    .text               checksum.o
    0x00001914   0x000000e8   Code   RO          108    .text               crc.o
    0x000019fc   0x00000250   Code   RO          111    .text               ppsinit.o
    0x00001c4c   0x00000090   Code   RO          112    .text               ppsinit.o
    0x00001cdc   0x00000378   Code   RO          118    .text               loco.o
    0x00002054   0x00002350   Code   RO          120    .text               rm.o
    0x000043a4   0x00000008   Ven    RO          128    .text               can.o
    0x000043ac   0x00000e90   Code   RO          128    .text               can.o
    0x0000523c   0x000000a4   Code   RO          129    .text               can.o
    0x000052e0   0x00000384   Code   RO          136    .text               timer.o
    0x00005664   0x00000008   Ven    RO          137    .text               timer.o
    0x0000566c   0x00000278   Code   RO          137    .text               timer.o
    0x000058e4   0x00000614   Code   RO          144    .text               gps.o
    0x00005ef8   0x00000200   Code   RO          148    .text               datalogger.o
    0x000060f8   0x00000558   Code   RO          149    .text               encrpt.o
    0x00006650   0x00000004   Code   RO          156    .text               c_t.l(use_no_semi.o)
    0x00006654   0x00000004   Ven    RO          157    .text               c_t.l(rt_ctype_table.o)
    0x00006658   0x00000018   Code   RO          157    .text               c_t.l(rt_ctype_table.o)
    0x00006670   0x00000008   Ven    RO          159    .text               c_t.l(noretval__2printf.o)
    0x00006678   0x0000001c   Code   RO          159    .text               c_t.l(noretval__2printf.o)
    0x00006694   0x00000058   Code   RO          163    .text               c_t.l(_printf_str.o)
    0x000066ec   0x00000008   Ven    RO          164    .text               c_t.l(_printf_dec.o)
    0x000066f4   0x00000070   Code   RO          164    .text               c_t.l(_printf_dec.o)
    0x00006764   0x00000008   Ven    RO          167    .text               c_t.l(_printf_hex_int.o)
    0x0000676c   0x0000005c   Code   RO          167    .text               c_t.l(_printf_hex_int.o)
    0x000067c8   0x000000ce   Code   RO          181    .text               c_t.l(__printf_ss.o)
    0x00006896   0x00000002   PAD
    0x00006898   0x00000040   Code   RO          197    .text               c_t.l(__0sscanf.o)
    0x000068d8   0x000000f2   Code   RO          198    .text               c_t.l(_scanf_str.o)
    0x000069ca   0x0000001e   Code   RO          199    .text               c_t.l(atoi.o)
    0x000069e8   0x00000040   Code   RO          201    .text               c_t.l(rand.o)
    0x00006a28   0x00000014   Code   RO          203    .text               c_t.l(strtok.o)
    0x00006a3c   0x0000002a   Code   RO          205    .text               c_t.l(strstr.o)
    0x00006a66   0x00000076   Code   RO          206    .text               c_t.l(memcmp.o)
    0x00006adc   0x00000044   Code   RO          207    .text               c_t.l(strlen.o)
    0x00006b20   0x00000018   Code   RO          208    .text               c_t.l(strcat.o)
    0x00006b38   0x00000004   Ven    RO          209    .text               c_t.l(memcpy.o)
    0x00006b3c   0x00000010   Code   RO          209    .text               c_t.l(memcpy.o)
    0x00006b4c   0x00000004   Ven    RO          210    .text               c_t.l(rt_memcpy.o)
    0x00006b50   0x000000d4   Code   RO          210    .text               c_t.l(rt_memcpy.o)
    0x00006c24   0x00000004   Ven    RO          211    .text               c_t.l(rt_memcpy_w.o)
    0x00006c28   0x00000064   Code   RO          211    .text               c_t.l(rt_memcpy_w.o)
    0x00006c8c   0x00000004   Ven    RO          212    .text               c_t.l(rt_memclr.o)
    0x00006c90   0x00000040   Code   RO          212    .text               c_t.l(rt_memclr.o)
    0x00006cd0   0x00000004   Ven    RO          213    .text               c_t.l(rt_memclr_w.o)
    0x00006cd4   0x00000054   Code   RO          213    .text               c_t.l(rt_memclr_w.o)
    0x00006d28   0x00000004   Ven    RO          214    .text               c_t.l(uread4.o)
    0x00006d2c   0x00000020   Code   RO          214    .text               c_t.l(uread4.o)
    0x00006d4c   0x00000004   Ven    RO          215    .text               c_t.l(uwrite4.o)
    0x00006d50   0x00000020   Code   RO          215    .text               c_t.l(uwrite4.o)
    0x00006d70   0x00000004   Ven    RO          216    .text               c_t.l(aeabi_sdiv.o)
    0x00006d74   0x00000180   Code   RO          216    .text               c_t.l(aeabi_sdiv.o)
    0x00006ef4   0x00000006   Code   RO          224    .text               c_t.l(heapauxi.o)
    0x00006efa   0x00000002   PAD
    0x00006efc   0x00000004   Ven    RO          233    .text               c_t.l(rt_locale_intlibspace.o)
    0x00006f00   0x0000000c   Code   RO          233    .text               c_t.l(rt_locale_intlibspace.o)
    0x00006f0c   0x00000004   Ven    RO          236    .text               c_t.l(rt_errno_addr_intlibspace.o)
    0x00006f10   0x0000000c   Code   RO          236    .text               c_t.l(rt_errno_addr_intlibspace.o)
    0x00006f1c   0x000000ba   Code   RO          237    .text               c_t.l(_printf_intcommon.o)
    0x00006fd6   0x00000002   PAD
    0x00006fd8   0x00000008   Ven    RO          238    .text               c_t.l(_printf_char.o)
    0x00006fe0   0x00000032   Code   RO          238    .text               c_t.l(_printf_char.o)
    0x00007012   0x00000002   PAD
    0x00007014   0x0000002c   Code   RO          239    .text               c_t.l(_printf_char_file.o)
    0x00007040   0x000004e0   Code   RO          241    .text               c_t.l(scanf_fp.o)
    0x00007520   0x00000038   Code   RO          242    .text               c_t.l(scanf_char.o)
    0x00007558   0x00000046   Code   RO          243    .text               c_t.l(_sgetc.o)
    0x0000759e   0x00000002   PAD
    0x000075a0   0x00000074   Code   RO          244    .text               c_t.l(strtol.o)
    0x00007614   0x0000004c   Code   RO          247    .text               c_t.l(strtok_int.o)
    0x00007660   0x00000004   Ven    RO          248    .text               c_t.l(rtudiv10.o)
    0x00007664   0x0000002c   Code   RO          248    .text               c_t.l(rtudiv10.o)
    0x00007690   0x0000000c   Code   RO          293    .text               c_t.l(libspace.o)
    0x0000769c   0x00000004   Ven    RO          311    .text               c_t.l(llmul.o)
    0x000076a0   0x0000001c   Code   RO          311    .text               c_t.l(llmul.o)
    0x000076bc   0x00000016   Code   RO          312    .text               c_t.l(isspace.o)
    0x000076d2   0x00000002   PAD
    0x000076d4   0x00000030   Code   RO          313    .text               c_t.l(_printf_char_common.o)
    0x00007704   0x000003c0   Code   RO          314    .text               c_t.l(_scanf.o)
    0x00007ac4   0x000000ac   Code   RO          315    .text               c_t.l(_strtoul.o)
    0x00007b70   0x000000d8   Code   RO          316    .text               c_t.l(bigflt0.o)
    0x00007c48   0x00000024   Code   RO          331    .text               c_t.l(strcspn.o)
    0x00007c6c   0x00000022   Code   RO          332    .text               c_t.l(strspn.o)
    0x00007c8e   0x00000002   PAD
    0x00007c90   0x000000a0   Code   RO          333    .text               c_t.l(strcmp.o)
    0x00007d30   0x00000060   Code   RO          345    .text               c_t.l(sys_stackheap_outer.o)
    0x00007d90   0x00000008   Ven    RO          346    .text               c_t.l(_rserrno.o)
    0x00007d98   0x0000001a   Code   RO          346    .text               c_t.l(_rserrno.o)
    0x00007db2   0x0000001e   Code   RO          350    .text               c_t.l(_chval.o)
    0x00007dd0   0x00000008   Ven    RO          351    .text               c_t.l(scanf_hexfp.o)
    0x00007dd8   0x0000033c   Code   RO          351    .text               c_t.l(scanf_hexfp.o)
    0x00008114   0x00000008   Ven    RO          352    .text               c_t.l(scanf_infnan.o)
    0x0000811c   0x00000154   Code   RO          352    .text               c_t.l(scanf_infnan.o)
    0x00008270   0x0000000c   Code   RO          353    .text               c_t.l(exit.o)
    0x0000827c   0x00000004   Ven    RO          372    .text               c_t.l(llshl.o)
    0x00008280   0x00000028   Code   RO          372    .text               c_t.l(llshl.o)
    0x000082a8   0x0000000c   Code   RO          398    .text               c_t.l(rt_fp_status_addr_intlibspace.o)
    0x000082b4   0x00000004   Ven    RO          217    .text_udiv          c_t.l(aeabi_sdiv.o)
    0x000082b8   0x00000024   Code   RO          217    .text_udiv          c_t.l(aeabi_sdiv.o)
    0x000082dc   0x0000034c   Code   RO          328    CL$$btod_div_common  c_t.l(btod.o)
    0x00008628   0x00000064   Code   RO          326    CL$$btod_e2d        c_t.l(btod.o)
    0x0000868c   0x000000dc   Code   RO          325    CL$$btod_e2e        c_t.l(btod.o)
    0x00008768   0x00000004   Ven    RO          322    CL$$btod_ediv       c_t.l(btod.o)
    0x0000876c   0x00000034   Code   RO          322    CL$$btod_ediv       c_t.l(btod.o)
    0x000087a0   0x00000004   Ven    RO          324    CL$$btod_edivd      c_t.l(btod.o)
    0x000087a4   0x00000034   Code   RO          324    CL$$btod_edivd      c_t.l(btod.o)
    0x000087d8   0x00000004   Ven    RO          321    CL$$btod_emul       c_t.l(btod.o)
    0x000087dc   0x00000034   Code   RO          321    CL$$btod_emul       c_t.l(btod.o)
    0x00008810   0x00000004   Ven    RO          323    CL$$btod_emuld      c_t.l(btod.o)
    0x00008814   0x00000034   Code   RO          323    CL$$btod_emuld      c_t.l(btod.o)
    0x00008848   0x00000268   Code   RO          327    CL$$btod_mult_common  c_t.l(btod.o)
    0x00008ab0   0x0000000c   Ven    RO          481    Veneer$$Code        anon$$obj.o
    0x00008abc   0x0000000c   Ven    RO          482    Veneer$$Code        anon$$obj.o
    0x00008ac8   0x0000000c   Ven    RO          483    Veneer$$Code        anon$$obj.o
    0x00008ad4   0x0000000c   Ven    RO          484    Veneer$$Code        anon$$obj.o
    0x00008ae0   0x0000000c   Ven    RO          485    Veneer$$Code        anon$$obj.o
    0x00008aec   0x0000000c   Ven    RO          486    Veneer$$Code        anon$$obj.o
    0x00008af8   0x0000000c   Ven    RO          487    Veneer$$Code        anon$$obj.o
    0x00008b04   0x00000008   Ven    RO          488    Veneer$$Code        anon$$obj.o
    0x00008b0c   0x0000000c   Ven    RO          489    Veneer$$Code        anon$$obj.o
    0x00008b18   0x00000002   Code   RO          162    i.__ARM_common_call_via_r1  c_t.l(__printf.o)
    0x00008b1a   0x00000002   Code   RO          161    i.__ARM_common_call_via_r2  c_t.l(__printf.o)
    0x00008b1c   0x00000004   Ven    RO          127    i.__ARM_common_switch8  rm.o
    0x00008b20   0x00000018   Code   RO          127    i.__ARM_common_switch8  rm.o
    0x00008b38   0x00000014   Code   RO          403    i.__mathlib_dbl_underflow  m_ts.l(dunder.o)
    0x00008b4c   0x00000004   Ven    RO          342    i.__mathlib_narrow  m_ts.l(narrow.o)
    0x00008b50   0x0000001c   Code   RO          342    i.__mathlib_narrow  m_ts.l(narrow.o)
    0x00008b6c   0x000000d8   Code   RO          343    i.__mathlib_tofloat  m_ts.l(narrow.o)
    0x00008c44   0x00000004   Ven    RO          383    i.__support_ldexp   m_ts.l(ldexp.o)
    0x00008c48   0x00000024   Code   RO          383    i.__support_ldexp   m_ts.l(ldexp.o)
    0x00008c6c   0x0000000e   Code   RO          185    i._is_digit         c_t.l(__printf_wp.o)
    0x00008c7a   0x00000002   PAD
    0x00008c7c   0x00000080   Code   RO          366    i.frexp             m_ts.l(frexp.o)
    0x00008cfc   0x000000d4   Code   RO          384    i.ldexp             m_ts.l(ldexp.o)
    0x00008dd0   0x00000004   Ven    RO          246    locale$$code        c_t.l(lc_ctype_c.o)
    0x00008dd4   0x00000050   Code   RO          246    locale$$code        c_t.l(lc_ctype_c.o)
    0x00008e24   0x00000004   Ven    RO          330    locale$$code        c_t.l(lc_numeric_c.o)
    0x00008e28   0x00000050   Code   RO          330    locale$$code        c_t.l(lc_numeric_c.o)
    0x00008e78   0x0000006c   Code   RO          362    x$fpl$d2f           fz_ts.l(d2f.o)
    0x00008ee4   0x00000010   Code   RO          402    x$fpl$dcheck1       fz_ts.l(dcheck1.o)
    0x00008ef4   0x0000001c   Code   RO          377    x$fpl$dcmpinf       fz_ts.l(dcmpi.o)
    0x00008f10   0x00000094   Code   RO          363    x$fpl$deqf          fz_ts.l(deqf.o)
    0x00008fa4   0x00000094   Code   RO          378    x$fpl$dleqf         fz_ts.l(dleqf.o)
    0x00009038   0x000000c0   Code   RO          379    x$fpl$dnaninf       fz_ts.l(dnaninf.o)
    0x000090f8   0x0000008c   Code   RO          364    x$fpl$drleqf        fz_ts.l(drleqf.o)
    0x00009184   0x00000004   Ven    RO          226    x$fpl$fmul          fz_ts.l(fmul.o)
    0x00009188   0x00000100   Code   RO          226    x$fpl$fmul          fz_ts.l(fmul.o)
    0x00009288   0x000000a8   Code   RO          290    x$fpl$fnaninf       fz_ts.l(fnaninf.o)
    0x00009330   0x00000004   Ven    RO          380    x$fpl$fpinit        fz_ts.l(fpinit.o)
    0x00009334   0x00000018   Code   RO          380    x$fpl$fpinit        fz_ts.l(fpinit.o)
    0x0000934c   0x00000010   Code   RO          291    x$fpl$fretinf       fz_ts.l(fretinf.o)
    0x0000935c   0x00000004   Ven    RO          338    x$fpl$ieeestatus    fz_ts.l(istatus.o)
    0x00009360   0x00000008   Code   RO          338    x$fpl$ieeestatus    fz_ts.l(istatus.o)
    0x00009368   0x00000074   Code   RO          408    x$fpl$retnan        fz_ts.l(retnan.o)
    0x000093dc   0x00000068   Code   RO          381    x$fpl$scalbn        fz_ts.l(scalbn.o)
    0x00009444   0x00000004   Ven    RO          227    x$fpl$scanf1        fz_ts.l(scanf1.o)
    0x00009448   0x00000004   Code   RO          227    x$fpl$scanf1        fz_ts.l(scanf1.o)
    0x0000944c   0x00000004   Ven    RO          339    x$fpl$scanf2        fz_ts.l(scanf2.o)
    0x00009450   0x00000008   Code   RO          339    x$fpl$scanf2        fz_ts.l(scanf2.o)
    0x00009458   0x0000003c   Code   RO          431    x$fpl$trapveneer    fz_ts.l(trapv.o)
    0x00009494   0x00000000   Code   RO          292    x$fpl$usenofp       fz_ts.l(usenofp.o)
    0x00009494   0x00000020   Data   RO          104    .constdata          rxandtx.o
    0x000094b4   0x00000020   Data   RO          109    .constdata          crc.o
    0x000094d4   0x0000000f   Data   RO          122    .constdata          rm.o
    0x000094e3   0x00000001   PAD
    0x000094e4   0x00000044   Data   RO          133    .constdata          can.o
    0x00009528   0x00000060   Data   RO          146    .constdata          gps.o
    0x00009588   0x000001ff   Data   RO          151    .constdata          encrpt.o
    0x00009787   0x00000028   Data   RO          168    .constdata          c_t.l(_printf_hex_int.o)
    0x000097af   0x00000001   PAD
    0x000097b0   0x00000094   Data   RO          317    .constdata          c_t.l(bigflt0.o)
    0x00009844   0x00000020   Data   RO          432    Region$$Table       anon$$obj.o
    0x00009864   0x00000008   Data   RO          335    c$$dinf             fz_ts.l(fpconst.o)
    0x0000986c   0x00000110   Data   RO          245    locale$$data        c_t.l(lc_ctype_c.o)
    0x0000997c   0x0000001c   Data   RO          329    locale$$data        c_t.l(lc_numeric_c.o)


    Execution Region RW_IRAM1 (Base: 0x40000000, Size: 0x00003808, Max: 0x00008000, ABSOLUTE, COMPRESSED[0x00000190])

    Base Addr    Size         Type   Attr      Idx    E Section Name        Object

    0x40000000   0x00000001   Data   RW           34    .data               globals.o
    0x40000001   0x00000001   Data   RW           36    .data               globals.o
    0x40000002   0x00000001   Data   RW           37    .data               globals.o
    0x40000003   0x00000001   Data   RW           38    .data               globals.o
    0x40000004   0x00000004   Data   RW           40    .data               globals.o
    0x40000008   0x00000004   Data   RW           41    .data               globals.o
    0x4000000c   0x00000001   Data   RW           43    .data               globals.o
    0x4000000d   0x00000001   Data   RW           44    .data               globals.o
    0x4000000e   0x00000001   Data   RW           45    .data               globals.o
    0x4000000f   0x00000001   PAD
    0x40000010   0x00000004   Data   RW           47    .data               globals.o
    0x40000014   0x00000002   Data   RW           48    .data               globals.o
    0x40000016   0x00000002   PAD
    0x40000018   0x00000004   Data   RW           49    .data               globals.o
    0x4000001c   0x00000001   Data   RW           50    .data               globals.o
    0x4000001d   0x00000001   Data   RW           51    .data               globals.o
    0x4000001e   0x00000001   Data   RW           52    .data               globals.o
    0x4000001f   0x00000001   Data   RW           53    .data               globals.o
    0x40000020   0x00000001   Data   RW           54    .data               globals.o
    0x40000021   0x00000003   PAD
    0x40000024   0x0000013c   Data   RW           55    .data               globals.o
    0x40000160   0x00000004   Data   RW           56    .data               globals.o
    0x40000164   0x00000004   Data   RW           57    .data               globals.o
    0x40000168   0x00000001   Data   RW           61    .data               globals.o
    0x40000169   0x00000001   Data   RW           62    .data               globals.o
    0x4000016a   0x00000002   PAD
    0x4000016c   0x00000004   Data   RW           67    .data               globals.o
    0x40000170   0x00000004   Data   RW           68    .data               globals.o
    0x40000174   0x00000004   Data   RW           69    .data               globals.o
    0x40000178   0x00000001   Data   RW           70    .data               globals.o
    0x40000179   0x00000006   Data   RW           71    .data               globals.o
    0x4000017f   0x00000001   Data   RW           72    .data               globals.o
    0x40000180   0x00000001   Data   RW           73    .data               globals.o
    0x40000181   0x00000001   Data   RW           74    .data               globals.o
    0x40000182   0x00000001   Data   RW           75    .data               globals.o
    0x40000183   0x00000001   Data   RW           76    .data               globals.o
    0x40000184   0x00000001   Data   RW           77    .data               globals.o
    0x40000185   0x00000003   PAD
    0x40000188   0x00000008   Data   RW           80    .data               gpioinit.o
    0x40000190   0x00000008   Data   RW           82    .data               realtimeclk.o
    0x40000198   0x0000000c   Data   RW           89    .data               wdtinit.o
    0x400001a4   0x00000004   Data   RW           99    .data               retarget.o
    0x400001a8   0x00000108   Data   RW          102    .data               bitmanip.o
    0x400002b0   0x0000000e   Data   RW          105    .data               rxandtx.o
    0x400002be   0x00000002   Data   RW          107    .data               checksum.o
    0x400002c0   0x00000008   Data   RW          110    .data               crc.o
    0x400002c8   0x0000001c   Data   RW          125    .data               rm.o
    0x400002e4   0x00000014   Data   RW          134    .data               can.o
    0x400002f8   0x00000001   Data   RW          138    .data               timer.o
    0x400002f9   0x00000001   Data   RW          139    .data               timer.o
    0x400002fa   0x00000001   Data   RW          140    .data               timer.o
    0x400002fb   0x00000001   Data   RW          143    .data               timer.o
    0x400002fc   0x00000018   Data   RW          147    .data               gps.o
    0x40000314   0x0000000c   Data   RW          153    .data               encrpt.o
    0x40000320   0x00000004   Data   RW          204    .data               c_t.l(strtok.o)
    0x40000324   0x00000100   Zero   RW            6    .bss                globals.o
    0x40000424   0x0000000a   Zero   RW            8    .bss                globals.o
    0x4000042e   0x00000014   Zero   RW            9    .bss                globals.o
    0x40000442   0x0000001f   Zero   RW           10    .bss                globals.o
    0x40000461   0x0000003e   Zero   RW           11    .bss                globals.o
    0x4000049f   0x00000024   Zero   RW           12    .bss                globals.o
    0x400004c3   0x0000009a   Zero   RW           14    .bss                globals.o
    0x4000055d   0x00000140   Zero   RW           15    .bss                globals.o
    0x4000069d   0x00000040   Zero   RW           16    .bss                globals.o
    0x400006dd   0x00000003   PAD
    0x400006e0   0x00000028   Zero   RW           17    .bss                globals.o
    0x40000708   0x0000000a   Zero   RW           19    .bss                globals.o
    0x40000712   0x00000002   PAD
    0x40000714   0x00000028   Zero   RW           20    .bss                globals.o
    0x4000073c   0x00000100   Zero   RW           21    .bss                globals.o
    0x4000083c   0x00000100   Zero   RW           22    .bss                globals.o
    0x4000093c   0x00000100   Zero   RW           23    .bss                globals.o
    0x40000a3c   0x00000100   Zero   RW           24    .bss                globals.o
    0x40000b3c   0x00000100   Zero   RW           26    .bss                globals.o
    0x40000c3c   0x00000227   Zero   RW           27    .bss                globals.o
    0x40000e63   0x0000044e   Zero   RW           28    .bss                globals.o
    0x400012b1   0x0000002c   Zero   RW           29    .bss                globals.o
    0x400012dd   0x00000058   Zero   RW           30    .bss                globals.o
    0x40001335   0x00000032   Zero   RW           31    .bss                globals.o
    0x40001367   0x00000001   PAD
    0x40001368   0x0000002c   Zero   RW           33    .bss                globals.o
    0x40001394   0x00001020   Zero   RW           87    .bss                uart.o
    0x400023b4   0x00000190   Zero   RW          121    .bss                rm.o
    0x40002544   0x00000372   Zero   RW          130    .bss                can.o
    0x400028b6   0x0000005a   Zero   RW          145    .bss                gps.o
    0x40002910   0x000000b0   Zero   RW          150    .bss                encrpt.o
    0x400029c0   0x000000e4   Zero   RW          202    .bss                c_t.l(rand.o)
    0x40002aa4   0x00000060   Zero   RW          294    .bss                c_t.l(libspace.o)
    0x40002b04   0x00000004   PAD
    0x40002b08   0x00000800   Zero   RW            2    HEAP                lpc2300.o
    0x40003308   0x00000500   Zero   RW            1    STACK               lpc2300.o


    Execution Region RW_IRAM2 (Base: 0x7fe00000, Size: 0x00000000, Max: 0x00004000, ABSOLUTE)

    **** No section assigned to this execution region ****


==============================================================================

Image component sizes


      Code (inc. data)   RO Data    RW Data    ZI Data      Debug   Object Name

       240          4          0        264          0          0   bitmanip.o
      3892        702         68         20        882          0   can.o
        96          6          0          2          0          0   checksum.o
       232         58         32          8          0          0   crc.o
       512         72          0          0          0          0   datalogger.o
      1368        146        511         12        176          0   encrpt.o
      1210          8          0          0          0          0   ext_rtc.o
         0          0          0        381       4202          0   globals.o
       704        254          0          8          0          0   gpioinit.o
      1556        120         96         24         90          0   gps.o
       316        162          0          0          0          0   inittcas.o
       888         80          0          0          0          0   loco.o
       412         68          0          0       3328          0   lpc2300.o
       688        150          0          0          0          0   main.o
       736         96          0          0          0          0   ppsinit.o
       156         14          0          8          0          0   realtimeclk.o
        40          0          0          4          0          0   retarget.o
      9064       2448         15         28        400          0   rm.o
       640         32         32         14          0          0   rxandtx.o
        80         10          0          0          0          0   serial.o
       164         26          0          0          0          0   systemtimer.o
      1532        166          0          4          0          0   timer.o
      1036        106          0          0       4128          0   uart.o
       156         18          0         12          0          0   wdtinit.o

    ----------------------------------------------------------------------
     25860       4778        787        800      13212          0   Object Totals
       140         32         32          0          0          0   (incl. Generated)
         2          0          1         11          6          0   (incl. Padding)

    ----------------------------------------------------------------------

      Code (inc. data)   RO Data    RW Data    ZI Data      Debug   Library Member Name

        64         10          0          0          0          0   __0sscanf.o
        92          0          0          0          0          0   __dczerorl2.o
         8          0          0          0          0          0   __main.o
         4          0          0          0          0          0   __printf.o
       206          0          0          0          0          0   __printf_ss.o
        14          0          0          0          0          0   __printf_wp.o
        60          8          0          0          0          0   __scatter.o
        44          0          0          0          0          0   __scatter_zi.o
        30          0          0          0          0          0   _chval.o
         8          0          0          0          0          0   _printf_c.o
        58          0          0          0          0          0   _printf_char.o
        48          4          0          0          0          0   _printf_char_common.o
        44          6          0          0          0          0   _printf_char_file.o
         8          0          0          0          0          0   _printf_d.o
       120         18          0          0          0          0   _printf_dec.o
       100          4         40          0          0          0   _printf_hex_int.o
       186          0          0          0          0          0   _printf_intcommon.o
         4          0          0          0          0          0   _printf_percent.o
         8          0          0          0          0          0   _printf_percent_end.o
         8          0          0          0          0          0   _printf_s.o
        88          0          0          0          0          0   _printf_str.o
         8          0          0          0          0          0   _printf_u.o
         8          0          0          0          0          0   _printf_x.o
        34          0          0          0          0          0   _rserrno.o
       960         12          0          0          0          0   _scanf.o
       242          0          0          0          0          0   _scanf_str.o
        70          0          0          0          0          0   _sgetc.o
       172          0          0          0          0          0   _strtoul.o
       428          0          0          0          0          0   aeabi_sdiv.o
        30          0          0          0          0          0   atoi.o
       216          6        148          0          0          0   bigflt0.o
      2004        132          0          0          0          0   btod.o
        12          0          0          0          0          0   exit.o
         6          0          0          0          0          0   heapauxi.o
        22          0          0          0          0          0   isspace.o
        84          8        272          0          0          0   lc_ctype_c.o
        84          8         28          0          0          0   lc_numeric_c.o
        14          0          0          0          0          0   libinit.o
        44          0          0          0          0          0   libinit2.o
        12          0          0          0          0          0   libshutdown.o
         6          0          0          0          0          0   libshutdown2.o
        12          4          0          0         96          0   libspace.o
        32          0          0          0          0          0   llmul.o
        44          0          0          0          0          0   llshl.o
       118          0          0          0          0          0   memcmp.o
        20          0          0          0          0          0   memcpy.o
        36          6          0          0          0          0   noretval__2printf.o
       120         16          0          0        228          0   rand.o
        28          4          0          0          0          0   rt_ctype_table.o
        16          4          0          0          0          0   rt_errno_addr_intlibspace.o
        12          4          0          0          0          0   rt_fp_status_addr_intlibspace.o
        16          4          0          0          0          0   rt_locale_intlibspace.o
        68          0          0          0          0          0   rt_memclr.o
        88          0          0          0          0          0   rt_memclr_w.o
       216          0          0          0          0          0   rt_memcpy.o
       104          0          0          0          0          0   rt_memcpy_w.o
         0          0          0          0          0          0   rtentry.o
        44          4          0          0          0          0   rtentry2.o
         8          0          0          0          0          0   rtentry4.o
         8          0          0          0          0          0   rtexit.o
        12          0          0          0          0          0   rtexit2.o
        48          0          0          0          0          0   rtudiv10.o
        56         10          0          0          0          0   scanf_char.o
      1248         26          0          0          0          0   scanf_fp.o
       836         14          0          0          0          0   scanf_hexfp.o
       348         18          0          0          0          0   scanf_infnan.o
        24          0          0          0          0          0   strcat.o
       160          4          0          0          0          0   strcmp.o
        36          0          0          0          0          0   strcspn.o
        68          4          0          0          0          0   strlen.o
        34          0          0          0          0          0   strspn.o
        42          0          0          0          0          0   strstr.o
        20          6          0          4          0          0   strtok.o
        76          4          0          0          0          0   strtok_int.o
       116          4          0          0          0          0   strtol.o
        96          0          0          0          0          0   sys_stackheap_outer.o
        36          0          0          0          0          0   uread4.o
         4          0          0          0          0          0   use_no_semi.o
        36          0          0          0          0          0   uwrite4.o
       108          4          0          0          0          0   d2f.o
        16          4          0          0          0          0   dcheck1.o
        28          0          0          0          0          0   dcmpi.o
       148          4          0          0          0          0   deqf.o
       148          4          0          0          0          0   dleqf.o
       192          0          0          0          0          0   dnaninf.o
       140          0          0          0          0          0   drleqf.o
       260          4          0          0          0          0   fmul.o
       168          0          0          0          0          0   fnaninf.o
         0          0          8          0          0          0   fpconst.o
        28          0          0          0          0          0   fpinit.o
        16          0          0          0          0          0   fretinf.o
        12          0          0          0          0          0   istatus.o
       116          0          0          0          0          0   retnan.o
       104          0          0          0          0          0   scalbn.o
         8          0          0          0          0          0   scanf1.o
        12          0          0          0          0          0   scanf2.o
        60          0          0          0          0          0   trapv.o
         0          0          0          0          0          0   usenofp.o
        20          0          0          0          0          0   dunder.o
       128          0          0          0          0          0   frexp.o
       252          0          0          0          0          0   ldexp.o
       248          0          0          0          0          0   narrow.o

    ----------------------------------------------------------------------
     12176        372        497          4        328          0   Library Totals
        20          0          1          0          4          0   (incl. Padding)

    ----------------------------------------------------------------------

      Code (inc. data)   RO Data    RW Data    ZI Data      Debug   Library Name

      9944        352        488          4        324          0   c_t.l
      1564         20          8          0          0          0   fz_ts.l
       648          0          0          0          0          0   m_ts.l

    ----------------------------------------------------------------------
     12176        372        497          4        328          0   Library Totals

    ----------------------------------------------------------------------

==============================================================================


      Code (inc. data)   RO Data    RW Data    ZI Data      Debug   

     38036       5150       1284        804      13540          0   Grand Totals
     38036       5150       1284        400      13540          0   ELF Image Totals (compressed)
     38036       5150       1284        400          0          0   ROM Totals

==============================================================================

    Total RO  Size (Code + RO Data)                39320 (  38.40kB)
    Total RW  Size (RW Data + ZI Data)             14344 (  14.01kB)
    Total ROM Size (Code + RO Data + RW Data)      39720 (  38.79kB)

==============================================================================

