<html>
<body>
<pre>
<h1>µVision Build Log</h1>
<h2>Project:</h2>
C:\Documents and Settings\Administrator\Desktop\Tarun\STN_COM_RM_errorHandling\Station_Radio_Modem_RESET_CMD\Project\StationCOM_V01.uvproj
Project File Date:  08/07/2017

<h2>Output:</h2>
Build target 'TCAS'
compiling Main.c...
compiling PPSInit.c...
compiling Timer.c...
linking...
Program Size: Code=38112 RO-data=1284 RW-data=804 ZI-data=13540  
FromELF: creating hex file...
"..\Obj\StationCOM_V01.axf" - 0 Error(s), 0 Warning(s).
Build target 'TCAS'
compiling EXT_RTC.c...
compiling PPSInit.c...
linking...
Program Size: Code=38100 RO-data=1284 RW-data=804 ZI-data=13540  
FromELF: creating hex file...
"..\Obj\StationCOM_V01.axf" - 0 Error(s), 0 Warning(s).
Build target 'TCAS'
compiling Main.c...
linking...
Program Size: Code=38036 RO-data=1284 RW-data=804 ZI-data=13540  
FromELF: creating hex file...
"..\Obj\StationCOM_V01.axf" - 0 Error(s), 0 Warning(s).
Build target 'TCAS'
assembling LPC2300.s...
compiling Main.c...
compiling globals.c...
compiling InitTcas.c...
compiling GpioInit.c...
compiling RealTimeClk.c...
compiling SystemTimer.c...
compiling Uart.c...
compiling WdtInit.c...
compiling EXT_RTC.c...
compiling Serial.c...
compiling Retarget.c...
compiling BitManip.c...
compiling RxAndTx.c...
compiling checkSum.c...
compiling crc.c...
compiling PPSInit.c...
compiling di.c...
compiling do.c...
compiling Loco.c...
compiling rm.c...
compiling CAN.c...
compiling Timer.c...
compiling Gps.c...
compiling station.c...
compiling DataLogger.c...
compiling Encrpt.c...
linking...
Program Size: Code=38036 RO-data=1284 RW-data=804 ZI-data=13540  
FromELF: creating hex file...
"..\Obj\StationCOM_V01.axf" - 0 Error(s), 0 Warning(s).
Build target 'TCAS'
linking...
Program Size: Code=38036 RO-data=1284 RW-data=804 ZI-data=13540  
FromELF: creating hex file...
"..\Obj\StationCOM_V01.axf" - 0 Error(s), 0 Warning(s).
