<html>
<body>
<pre>
<h1>µVision Build Log</h1>
<h2>Project:</h2>
C:\To KQT 6 feb\StationCOM\Source\Project\StationCOM_V01.uvproj
Project File Date:  02/05/2014

<h2>Output:</h2>
Rebuild target 'TCAS'
assembling LPC2300.s...
compiling Main.c...
compiling globals.c...
compiling InitTcas.c...
compiling GpioInit.c...
compiling RealTimeClk.c...
compiling SystemTimer.c...
compiling Uart.c...
compiling WdtInit.c...
compiling Serial.c...
compiling Retarget.c...
compiling BitManip.c...
compiling RxAndTx.c...
compiling checkSum.c...
compiling crc.c...
compiling PPSInit.c...
compiling di.c...
compiling do.c...
compiling Loco.c...
compiling rm.c...
compiling CAN.c...
compiling Timer.c...
compiling Gps.c...
compiling station.c...
compiling DataLogger.c...
linking...
Program Size: Code=22860 RO-data=708 RW-data=416 ZI-data=9104  
FromELF: creating hex file...
"..\Obj\StationCOM_V01.axf" - 0 Error(s), 0 Warning(s).
